<?xml version="1.0" encoding="ISO-8859-1" ?>
<link_info>
   <banner>TI ARM Clang Linker PC v4.0.4.LTS</banner>
   <copyright>Copyright (c) 1996-2018 Texas Instruments Incorporated</copyright>
   <command_line>C:\TI\ccs2040\ccs\tools\compiler\ti-cgt-armllvm_4.0.4.LTS\bin\tiarmlnk -IC:\TI\ccs2040\ccs\tools\compiler\ti-cgt-armllvm_4.0.4.LTS\lib -o ECE319K_Lab9.out -mECE319K_Lab9.map --heap_size=512 --stack_size=512 -iC:/MSPM0_ValvanoWare/ECE319K_Lab9/Debug/syscfg -iC:/TI/ccs2040/ccs/tools/compiler/ti-cgt-armllvm_4.0.4.LTS/lib --diag_wrap=off --display_error_number --warn_sections --xml_link_info=ECE319K_Lab9_linkInfo.xml --rom_model ./ADC.o ./ADC1.o ./Arabic.o ./Clock.o ./DAC.o ./DAC5.o ./Japan.o ./JoyStick.o ./LED.o ./Lab9Main.o ./LaunchPad.o ./SPI.o ./ST7735.o ./SmallFont.o ./Sound.o ./Switch.o ./Timer.o ./diskio.o ./images/pipedreams/PipeSound.o ./ticlang/startup_mspm0g3507_ticlang.o ../mspm0g3507.cmd -lC:/TI/mspm0_sdk_2_09_00_01/source/ti/driverlib/lib/ticlang/m0p/mspm0g1x0x_g3x0x/driverlib.a -llibc.a --start-group -llibc++.a -llibc++abi.a -llibc.a -llibsys.a -llibsysbm.a -llibclang_rt.builtins.a -llibclang_rt.profile.a --end-group --cg_opt_level=0</command_line>
   <link_time>0x6a1c6e04</link_time>
   <link_errors>0x0</link_errors>
   <output_file>C:\MSPM0_ValvanoWare\ECE319K_Lab9\Debug\ECE319K_Lab9.out</output_file>
   <entry_point>
      <name>_c_int00_noargs</name>
      <address>0xe0e5</address>
   </entry_point>
   <input_file_list>
      <input_file id="fl-1">
         <path>C:\MSPM0_ValvanoWare\ECE319K_Lab9\Debug\.\</path>
         <kind>object</kind>
         <file>ADC.o</file>
         <name>ADC.o</name>
      </input_file>
      <input_file id="fl-2">
         <path>C:\MSPM0_ValvanoWare\ECE319K_Lab9\Debug\.\</path>
         <kind>object</kind>
         <file>ADC1.o</file>
         <name>ADC1.o</name>
      </input_file>
      <input_file id="fl-3">
         <path>C:\MSPM0_ValvanoWare\ECE319K_Lab9\Debug\.\</path>
         <kind>object</kind>
         <file>Arabic.o</file>
         <name>Arabic.o</name>
      </input_file>
      <input_file id="fl-4">
         <path>C:\MSPM0_ValvanoWare\ECE319K_Lab9\Debug\.\</path>
         <kind>object</kind>
         <file>Clock.o</file>
         <name>Clock.o</name>
      </input_file>
      <input_file id="fl-5">
         <path>C:\MSPM0_ValvanoWare\ECE319K_Lab9\Debug\.\</path>
         <kind>object</kind>
         <file>DAC.o</file>
         <name>DAC.o</name>
      </input_file>
      <input_file id="fl-6">
         <path>C:\MSPM0_ValvanoWare\ECE319K_Lab9\Debug\.\</path>
         <kind>object</kind>
         <file>DAC5.o</file>
         <name>DAC5.o</name>
      </input_file>
      <input_file id="fl-7">
         <path>C:\MSPM0_ValvanoWare\ECE319K_Lab9\Debug\.\</path>
         <kind>object</kind>
         <file>Japan.o</file>
         <name>Japan.o</name>
      </input_file>
      <input_file id="fl-8">
         <path>C:\MSPM0_ValvanoWare\ECE319K_Lab9\Debug\.\</path>
         <kind>object</kind>
         <file>JoyStick.o</file>
         <name>JoyStick.o</name>
      </input_file>
      <input_file id="fl-9">
         <path>C:\MSPM0_ValvanoWare\ECE319K_Lab9\Debug\.\</path>
         <kind>object</kind>
         <file>LED.o</file>
         <name>LED.o</name>
      </input_file>
      <input_file id="fl-a">
         <path>C:\MSPM0_ValvanoWare\ECE319K_Lab9\Debug\.\</path>
         <kind>object</kind>
         <file>Lab9Main.o</file>
         <name>Lab9Main.o</name>
      </input_file>
      <input_file id="fl-b">
         <path>C:\MSPM0_ValvanoWare\ECE319K_Lab9\Debug\.\</path>
         <kind>object</kind>
         <file>LaunchPad.o</file>
         <name>LaunchPad.o</name>
      </input_file>
      <input_file id="fl-c">
         <path>C:\MSPM0_ValvanoWare\ECE319K_Lab9\Debug\.\</path>
         <kind>object</kind>
         <file>SPI.o</file>
         <name>SPI.o</name>
      </input_file>
      <input_file id="fl-d">
         <path>C:\MSPM0_ValvanoWare\ECE319K_Lab9\Debug\.\</path>
         <kind>object</kind>
         <file>ST7735.o</file>
         <name>ST7735.o</name>
      </input_file>
      <input_file id="fl-e">
         <path>C:\MSPM0_ValvanoWare\ECE319K_Lab9\Debug\.\</path>
         <kind>object</kind>
         <file>SmallFont.o</file>
         <name>SmallFont.o</name>
      </input_file>
      <input_file id="fl-f">
         <path>C:\MSPM0_ValvanoWare\ECE319K_Lab9\Debug\.\</path>
         <kind>object</kind>
         <file>Sound.o</file>
         <name>Sound.o</name>
      </input_file>
      <input_file id="fl-10">
         <path>C:\MSPM0_ValvanoWare\ECE319K_Lab9\Debug\.\</path>
         <kind>object</kind>
         <file>Switch.o</file>
         <name>Switch.o</name>
      </input_file>
      <input_file id="fl-11">
         <path>C:\MSPM0_ValvanoWare\ECE319K_Lab9\Debug\.\</path>
         <kind>object</kind>
         <file>Timer.o</file>
         <name>Timer.o</name>
      </input_file>
      <input_file id="fl-12">
         <path>C:\MSPM0_ValvanoWare\ECE319K_Lab9\Debug\.\</path>
         <kind>object</kind>
         <file>diskio.o</file>
         <name>diskio.o</name>
      </input_file>
      <input_file id="fl-13">
         <path>C:\MSPM0_ValvanoWare\ECE319K_Lab9\Debug\.\images\pipedreams\</path>
         <kind>object</kind>
         <file>PipeSound.o</file>
         <name>PipeSound.o</name>
      </input_file>
      <input_file id="fl-14">
         <path>C:\MSPM0_ValvanoWare\ECE319K_Lab9\Debug\.\ticlang\</path>
         <kind>object</kind>
         <file>startup_mspm0g3507_ticlang.o</file>
         <name>startup_mspm0g3507_ticlang.o</name>
      </input_file>
      <input_file id="fl-20">
         <path>C:\MSPM0_ValvanoWare\ECE319K_Lab9\Debug\</path>
         <kind>object</kind>
         <file>&lt;internal&gt;</file>
         <name>&lt;internal&gt;</name>
      </input_file>
      <input_file id="fl-37">
         <path>C:\TI\ccs2040\ccs\tools\compiler\ti-cgt-armllvm_4.0.4.LTS\lib\armv6m-ti-none-eabi\c\</path>
         <kind>archive</kind>
         <file>libc.a</file>
         <name>sprintf.c.obj</name>
      </input_file>
      <input_file id="fl-38">
         <path>C:\TI\ccs2040\ccs\tools\compiler\ti-cgt-armllvm_4.0.4.LTS\lib\armv6m-ti-none-eabi\c\</path>
         <kind>archive</kind>
         <file>libc.a</file>
         <name>fopen.c.obj</name>
      </input_file>
      <input_file id="fl-39">
         <path>C:\TI\ccs2040\ccs\tools\compiler\ti-cgt-armllvm_4.0.4.LTS\lib\armv6m-ti-none-eabi\c\</path>
         <kind>archive</kind>
         <file>libc.a</file>
         <name>setvbuf.c.obj</name>
      </input_file>
      <input_file id="fl-3a">
         <path>C:\TI\ccs2040\ccs\tools\compiler\ti-cgt-armllvm_4.0.4.LTS\lib\armv6m-ti-none-eabi\c\</path>
         <kind>archive</kind>
         <file>libc.a</file>
         <name>aeabi_portable.c.obj</name>
      </input_file>
      <input_file id="fl-3b">
         <path>C:\TI\ccs2040\ccs\tools\compiler\ti-cgt-armllvm_4.0.4.LTS\lib\armv6m-ti-none-eabi\c\</path>
         <kind>archive</kind>
         <file>libc.a</file>
         <name>exit.c.obj</name>
      </input_file>
      <input_file id="fl-3c">
         <path>C:\TI\ccs2040\ccs\tools\compiler\ti-cgt-armllvm_4.0.4.LTS\lib\armv6m-ti-none-eabi\c\</path>
         <kind>archive</kind>
         <file>libc.a</file>
         <name>_lock.c.obj</name>
      </input_file>
      <input_file id="fl-3d">
         <path>C:\TI\ccs2040\ccs\tools\compiler\ti-cgt-armllvm_4.0.4.LTS\lib\armv6m-ti-none-eabi\c\</path>
         <kind>archive</kind>
         <file>libc.a</file>
         <name>assert.c.obj</name>
      </input_file>
      <input_file id="fl-3e">
         <path>C:\TI\ccs2040\ccs\tools\compiler\ti-cgt-armllvm_4.0.4.LTS\lib\armv6m-ti-none-eabi\c\</path>
         <kind>archive</kind>
         <file>libc.a</file>
         <name>defs.c.obj</name>
      </input_file>
      <input_file id="fl-3f">
         <path>C:\TI\ccs2040\ccs\tools\compiler\ti-cgt-armllvm_4.0.4.LTS\lib\armv6m-ti-none-eabi\c\</path>
         <kind>archive</kind>
         <file>libc.a</file>
         <name>memory.c.obj</name>
      </input_file>
      <input_file id="fl-40">
         <path>C:\TI\ccs2040\ccs\tools\compiler\ti-cgt-armllvm_4.0.4.LTS\lib\armv6m-ti-none-eabi\c\</path>
         <kind>archive</kind>
         <file>libc.a</file>
         <name>boot_cortex_m.c.obj</name>
      </input_file>
      <input_file id="fl-41">
         <path>C:\TI\ccs2040\ccs\tools\compiler\ti-cgt-armllvm_4.0.4.LTS\lib\armv6m-ti-none-eabi\c\</path>
         <kind>archive</kind>
         <file>libc.a</file>
         <name>mathacl_init.c.obj</name>
      </input_file>
      <input_file id="fl-42">
         <path>C:\TI\ccs2040\ccs\tools\compiler\ti-cgt-armllvm_4.0.4.LTS\lib\armv6m-ti-none-eabi\c\</path>
         <kind>archive</kind>
         <file>libc.a</file>
         <name>autoinit.c.obj</name>
      </input_file>
      <input_file id="fl-43">
         <path>C:\TI\ccs2040\ccs\tools\compiler\ti-cgt-armllvm_4.0.4.LTS\lib\armv6m-ti-none-eabi\c\</path>
         <kind>archive</kind>
         <file>libc.a</file>
         <name>pre_init.c.obj</name>
      </input_file>
      <input_file id="fl-44">
         <path>C:\TI\ccs2040\ccs\tools\compiler\ti-cgt-armllvm_4.0.4.LTS\lib\armv6m-ti-none-eabi\c\</path>
         <kind>archive</kind>
         <file>libc.a</file>
         <name>cpy_tbl.c.obj</name>
      </input_file>
      <input_file id="fl-45">
         <path>C:\TI\ccs2040\ccs\tools\compiler\ti-cgt-armllvm_4.0.4.LTS\lib\armv6m-ti-none-eabi\c\</path>
         <kind>archive</kind>
         <file>libc.a</file>
         <name>copy_zero_init.c.obj</name>
      </input_file>
      <input_file id="fl-46">
         <path>C:\TI\ccs2040\ccs\tools\compiler\ti-cgt-armllvm_4.0.4.LTS\lib\armv6m-ti-none-eabi\c\</path>
         <kind>archive</kind>
         <file>libc.a</file>
         <name>copy_decompress_none.c.obj</name>
      </input_file>
      <input_file id="fl-47">
         <path>C:\TI\ccs2040\ccs\tools\compiler\ti-cgt-armllvm_4.0.4.LTS\lib\armv6m-ti-none-eabi\c\</path>
         <kind>archive</kind>
         <file>libc.a</file>
         <name>copy_decompress_lzss.c.obj</name>
      </input_file>
      <input_file id="fl-48">
         <path>C:\TI\ccs2040\ccs\tools\compiler\ti-cgt-armllvm_4.0.4.LTS\lib\armv6m-ti-none-eabi\c\</path>
         <kind>archive</kind>
         <file>libc.a</file>
         <name>_printfi.c.obj</name>
      </input_file>
      <input_file id="fl-49">
         <path>C:\TI\ccs2040\ccs\tools\compiler\ti-cgt-armllvm_4.0.4.LTS\lib\armv6m-ti-none-eabi\c\</path>
         <kind>archive</kind>
         <file>libc.a</file>
         <name>fclose.c.obj</name>
      </input_file>
      <input_file id="fl-4a">
         <path>C:\TI\ccs2040\ccs\tools\compiler\ti-cgt-armllvm_4.0.4.LTS\lib\armv6m-ti-none-eabi\c\</path>
         <kind>archive</kind>
         <file>libc.a</file>
         <name>fflush.c.obj</name>
      </input_file>
      <input_file id="fl-4b">
         <path>C:\TI\ccs2040\ccs\tools\compiler\ti-cgt-armllvm_4.0.4.LTS\lib\armv6m-ti-none-eabi\c\</path>
         <kind>archive</kind>
         <file>libc.a</file>
         <name>fputs.c.obj</name>
      </input_file>
      <input_file id="fl-4c">
         <path>C:\TI\ccs2040\ccs\tools\compiler\ti-cgt-armllvm_4.0.4.LTS\lib\armv6m-ti-none-eabi\c\</path>
         <kind>archive</kind>
         <file>libc.a</file>
         <name>_io_perm.c.obj</name>
      </input_file>
      <input_file id="fl-4d">
         <path>C:\TI\ccs2040\ccs\tools\compiler\ti-cgt-armllvm_4.0.4.LTS\lib\armv6m-ti-none-eabi\c\</path>
         <kind>archive</kind>
         <file>libc.a</file>
         <name>_ltoa.c.obj</name>
      </input_file>
      <input_file id="fl-4e">
         <path>C:\TI\ccs2040\ccs\tools\compiler\ti-cgt-armllvm_4.0.4.LTS\lib\armv6m-ti-none-eabi\c\</path>
         <kind>archive</kind>
         <file>libc.a</file>
         <name>args_main.c.obj</name>
      </input_file>
      <input_file id="fl-4f">
         <path>C:\TI\ccs2040\ccs\tools\compiler\ti-cgt-armllvm_4.0.4.LTS\lib\armv6m-ti-none-eabi\c\</path>
         <kind>archive</kind>
         <file>libc.a</file>
         <name>atoi.c.obj</name>
      </input_file>
      <input_file id="fl-50">
         <path>C:\TI\ccs2040\ccs\tools\compiler\ti-cgt-armllvm_4.0.4.LTS\lib\armv6m-ti-none-eabi\c\</path>
         <kind>archive</kind>
         <file>libc.a</file>
         <name>memccpy.c.obj</name>
      </input_file>
      <input_file id="fl-51">
         <path>C:\TI\ccs2040\ccs\tools\compiler\ti-cgt-armllvm_4.0.4.LTS\lib\armv6m-ti-none-eabi\c\</path>
         <kind>archive</kind>
         <file>libc.a</file>
         <name>s_frexp.c.obj</name>
      </input_file>
      <input_file id="fl-52">
         <path>C:\TI\ccs2040\ccs\tools\compiler\ti-cgt-armllvm_4.0.4.LTS\lib\armv6m-ti-none-eabi\c\</path>
         <kind>archive</kind>
         <file>libc.a</file>
         <name>s_scalbn.c.obj</name>
      </input_file>
      <input_file id="fl-53">
         <path>C:\TI\ccs2040\ccs\tools\compiler\ti-cgt-armllvm_4.0.4.LTS\lib\armv6m-ti-none-eabi\c\</path>
         <kind>archive</kind>
         <file>libc.a</file>
         <name>wcslen.c.obj</name>
      </input_file>
      <input_file id="fl-54">
         <path>C:\TI\ccs2040\ccs\tools\compiler\ti-cgt-armllvm_4.0.4.LTS\lib\armv6m-ti-none-eabi\c\</path>
         <kind>archive</kind>
         <file>libc.a</file>
         <name>fseek.c.obj</name>
      </input_file>
      <input_file id="fl-55">
         <path>C:\TI\ccs2040\ccs\tools\compiler\ti-cgt-armllvm_4.0.4.LTS\lib\armv6m-ti-none-eabi\c\</path>
         <kind>archive</kind>
         <file>libc.a</file>
         <name>aeabi_ctype.S.obj</name>
      </input_file>
      <input_file id="fl-f5">
         <path>C:\TI\ccs2040\ccs\tools\compiler\ti-cgt-armllvm_4.0.4.LTS\lib\armv6m-ti-none-eabi\c\</path>
         <kind>archive</kind>
         <file>libsysbm.a</file>
         <name>hostexit.c.obj</name>
      </input_file>
      <input_file id="fl-f6">
         <path>C:\TI\ccs2040\ccs\tools\compiler\ti-cgt-armllvm_4.0.4.LTS\lib\armv6m-ti-none-eabi\c\</path>
         <kind>archive</kind>
         <file>libsysbm.a</file>
         <name>write.c.obj</name>
      </input_file>
      <input_file id="fl-f7">
         <path>C:\TI\ccs2040\ccs\tools\compiler\ti-cgt-armllvm_4.0.4.LTS\lib\armv6m-ti-none-eabi\c\</path>
         <kind>archive</kind>
         <file>libsysbm.a</file>
         <name>host_device.c.obj</name>
      </input_file>
      <input_file id="fl-f8">
         <path>C:\TI\ccs2040\ccs\tools\compiler\ti-cgt-armllvm_4.0.4.LTS\lib\armv6m-ti-none-eabi\c\</path>
         <kind>archive</kind>
         <file>libsysbm.a</file>
         <name>remove.c.obj</name>
      </input_file>
      <input_file id="fl-f9">
         <path>C:\TI\ccs2040\ccs\tools\compiler\ti-cgt-armllvm_4.0.4.LTS\lib\armv6m-ti-none-eabi\c\</path>
         <kind>archive</kind>
         <file>libsysbm.a</file>
         <name>open.c.obj</name>
      </input_file>
      <input_file id="fl-fa">
         <path>C:\TI\ccs2040\ccs\tools\compiler\ti-cgt-armllvm_4.0.4.LTS\lib\armv6m-ti-none-eabi\c\</path>
         <kind>archive</kind>
         <file>libsysbm.a</file>
         <name>lseek.c.obj</name>
      </input_file>
      <input_file id="fl-fb">
         <path>C:\TI\ccs2040\ccs\tools\compiler\ti-cgt-armllvm_4.0.4.LTS\lib\armv6m-ti-none-eabi\c\</path>
         <kind>archive</kind>
         <file>libsysbm.a</file>
         <name>close.c.obj</name>
      </input_file>
      <input_file id="fl-fc">
         <path>C:\TI\ccs2040\ccs\tools\compiler\ti-cgt-armllvm_4.0.4.LTS\lib\armv6m-ti-none-eabi\c\</path>
         <kind>archive</kind>
         <file>libsysbm.a</file>
         <name>add_device.c.obj</name>
      </input_file>
      <input_file id="fl-fd">
         <path>C:\TI\ccs2040\ccs\tools\compiler\ti-cgt-armllvm_4.0.4.LTS\lib\armv6m-ti-none-eabi\c\</path>
         <kind>archive</kind>
         <file>libsysbm.a</file>
         <name>unlink.c.obj</name>
      </input_file>
      <input_file id="fl-fe">
         <path>C:\TI\ccs2040\ccs\tools\compiler\ti-cgt-armllvm_4.0.4.LTS\lib\armv6m-ti-none-eabi\c\</path>
         <kind>archive</kind>
         <file>libsysbm.a</file>
         <name>hostclose.c.obj</name>
      </input_file>
      <input_file id="fl-ff">
         <path>C:\TI\ccs2040\ccs\tools\compiler\ti-cgt-armllvm_4.0.4.LTS\lib\armv6m-ti-none-eabi\c\</path>
         <kind>archive</kind>
         <file>libsysbm.a</file>
         <name>hostlseek.c.obj</name>
      </input_file>
      <input_file id="fl-100">
         <path>C:\TI\ccs2040\ccs\tools\compiler\ti-cgt-armllvm_4.0.4.LTS\lib\armv6m-ti-none-eabi\c\</path>
         <kind>archive</kind>
         <file>libsysbm.a</file>
         <name>hostopen.c.obj</name>
      </input_file>
      <input_file id="fl-101">
         <path>C:\TI\ccs2040\ccs\tools\compiler\ti-cgt-armllvm_4.0.4.LTS\lib\armv6m-ti-none-eabi\c\</path>
         <kind>archive</kind>
         <file>libsysbm.a</file>
         <name>hostread.c.obj</name>
      </input_file>
      <input_file id="fl-102">
         <path>C:\TI\ccs2040\ccs\tools\compiler\ti-cgt-armllvm_4.0.4.LTS\lib\armv6m-ti-none-eabi\c\</path>
         <kind>archive</kind>
         <file>libsysbm.a</file>
         <name>hostrename.c.obj</name>
      </input_file>
      <input_file id="fl-103">
         <path>C:\TI\ccs2040\ccs\tools\compiler\ti-cgt-armllvm_4.0.4.LTS\lib\armv6m-ti-none-eabi\c\</path>
         <kind>archive</kind>
         <file>libsysbm.a</file>
         <name>hostunlink.c.obj</name>
      </input_file>
      <input_file id="fl-104">
         <path>C:\TI\ccs2040\ccs\tools\compiler\ti-cgt-armllvm_4.0.4.LTS\lib\armv6m-ti-none-eabi\c\</path>
         <kind>archive</kind>
         <file>libsysbm.a</file>
         <name>hostwrite.c.obj</name>
      </input_file>
      <input_file id="fl-105">
         <path>C:\TI\ccs2040\ccs\tools\compiler\ti-cgt-armllvm_4.0.4.LTS\lib\armv6m-ti-none-eabi\c\</path>
         <kind>archive</kind>
         <file>libsysbm.a</file>
         <name>trgmsg.c.obj</name>
      </input_file>
      <input_file id="fl-106">
         <path>C:\TI\ccs2040\ccs\tools\compiler\ti-cgt-armllvm_4.0.4.LTS\lib\armv6m-ti-none-eabi\</path>
         <kind>archive</kind>
         <file>libclang_rt.builtins.a</file>
         <name>adddf3.S.obj</name>
      </input_file>
      <input_file id="fl-107">
         <path>C:\TI\ccs2040\ccs\tools\compiler\ti-cgt-armllvm_4.0.4.LTS\lib\armv6m-ti-none-eabi\</path>
         <kind>archive</kind>
         <file>libclang_rt.builtins.a</file>
         <name>muldf3.S.obj</name>
      </input_file>
      <input_file id="fl-108">
         <path>C:\TI\ccs2040\ccs\tools\compiler\ti-cgt-armllvm_4.0.4.LTS\lib\armv6m-ti-none-eabi\</path>
         <kind>archive</kind>
         <file>libclang_rt.builtins.a</file>
         <name>muldsi3.S.obj</name>
      </input_file>
      <input_file id="fl-109">
         <path>C:\TI\ccs2040\ccs\tools\compiler\ti-cgt-armllvm_4.0.4.LTS\lib\armv6m-ti-none-eabi\</path>
         <kind>archive</kind>
         <file>libclang_rt.builtins.a</file>
         <name>divdf3.S.obj</name>
      </input_file>
      <input_file id="fl-10a">
         <path>C:\TI\ccs2040\ccs\tools\compiler\ti-cgt-armllvm_4.0.4.LTS\lib\armv6m-ti-none-eabi\</path>
         <kind>archive</kind>
         <file>libclang_rt.builtins.a</file>
         <name>fixdfsi.S.obj</name>
      </input_file>
      <input_file id="fl-10b">
         <path>C:\TI\ccs2040\ccs\tools\compiler\ti-cgt-armllvm_4.0.4.LTS\lib\armv6m-ti-none-eabi\</path>
         <kind>archive</kind>
         <file>libclang_rt.builtins.a</file>
         <name>floatsidf.S.obj</name>
      </input_file>
      <input_file id="fl-10c">
         <path>C:\TI\ccs2040\ccs\tools\compiler\ti-cgt-armllvm_4.0.4.LTS\lib\armv6m-ti-none-eabi\</path>
         <kind>archive</kind>
         <file>libclang_rt.builtins.a</file>
         <name>floatunsidf.S.obj</name>
      </input_file>
      <input_file id="fl-10d">
         <path>C:\TI\ccs2040\ccs\tools\compiler\ti-cgt-armllvm_4.0.4.LTS\lib\armv6m-ti-none-eabi\</path>
         <kind>archive</kind>
         <file>libclang_rt.builtins.a</file>
         <name>muldi3.S.obj</name>
      </input_file>
      <input_file id="fl-10e">
         <path>C:\TI\ccs2040\ccs\tools\compiler\ti-cgt-armllvm_4.0.4.LTS\lib\armv6m-ti-none-eabi\</path>
         <kind>archive</kind>
         <file>libclang_rt.builtins.a</file>
         <name>truncdfsf2.S.obj</name>
      </input_file>
      <input_file id="fl-10f">
         <path>C:\TI\ccs2040\ccs\tools\compiler\ti-cgt-armllvm_4.0.4.LTS\lib\armv6m-ti-none-eabi\</path>
         <kind>archive</kind>
         <file>libclang_rt.builtins.a</file>
         <name>aeabi_dcmp.S.obj</name>
      </input_file>
      <input_file id="fl-110">
         <path>C:\TI\ccs2040\ccs\tools\compiler\ti-cgt-armllvm_4.0.4.LTS\lib\armv6m-ti-none-eabi\</path>
         <kind>archive</kind>
         <file>libclang_rt.builtins.a</file>
         <name>aeabi_idivmod.S.obj</name>
      </input_file>
      <input_file id="fl-111">
         <path>C:\TI\ccs2040\ccs\tools\compiler\ti-cgt-armllvm_4.0.4.LTS\lib\armv6m-ti-none-eabi\</path>
         <kind>archive</kind>
         <file>libclang_rt.builtins.a</file>
         <name>aeabi_ldivmod.S.obj</name>
      </input_file>
      <input_file id="fl-112">
         <path>C:\TI\ccs2040\ccs\tools\compiler\ti-cgt-armllvm_4.0.4.LTS\lib\armv6m-ti-none-eabi\</path>
         <kind>archive</kind>
         <file>libclang_rt.builtins.a</file>
         <name>aeabi_memcpy.S.obj</name>
      </input_file>
      <input_file id="fl-113">
         <path>C:\TI\ccs2040\ccs\tools\compiler\ti-cgt-armllvm_4.0.4.LTS\lib\armv6m-ti-none-eabi\</path>
         <kind>archive</kind>
         <file>libclang_rt.builtins.a</file>
         <name>aeabi_memset.S.obj</name>
      </input_file>
      <input_file id="fl-114">
         <path>C:\TI\ccs2040\ccs\tools\compiler\ti-cgt-armllvm_4.0.4.LTS\lib\armv6m-ti-none-eabi\</path>
         <kind>archive</kind>
         <file>libclang_rt.builtins.a</file>
         <name>aeabi_uidivmod.S.obj</name>
      </input_file>
      <input_file id="fl-115">
         <path>C:\TI\ccs2040\ccs\tools\compiler\ti-cgt-armllvm_4.0.4.LTS\lib\armv6m-ti-none-eabi\</path>
         <kind>archive</kind>
         <file>libclang_rt.builtins.a</file>
         <name>aeabi_uldivmod.S.obj</name>
      </input_file>
      <input_file id="fl-116">
         <path>C:\TI\ccs2040\ccs\tools\compiler\ti-cgt-armllvm_4.0.4.LTS\lib\armv6m-ti-none-eabi\</path>
         <kind>archive</kind>
         <file>libclang_rt.builtins.a</file>
         <name>udivmoddi4.S.obj</name>
      </input_file>
      <input_file id="fl-117">
         <path>C:\TI\ccs2040\ccs\tools\compiler\ti-cgt-armllvm_4.0.4.LTS\lib\armv6m-ti-none-eabi\</path>
         <kind>archive</kind>
         <file>libclang_rt.builtins.a</file>
         <name>ashldi3.S.obj</name>
      </input_file>
      <input_file id="fl-118">
         <path>C:\TI\ccs2040\ccs\tools\compiler\ti-cgt-armllvm_4.0.4.LTS\lib\armv6m-ti-none-eabi\</path>
         <kind>archive</kind>
         <file>libclang_rt.builtins.a</file>
         <name>comparedf2.c.obj</name>
      </input_file>
      <input_file id="fl-119">
         <path>C:\TI\ccs2040\ccs\tools\compiler\ti-cgt-armllvm_4.0.4.LTS\lib\armv6m-ti-none-eabi\</path>
         <kind>archive</kind>
         <file>libclang_rt.builtins.a</file>
         <name>divmoddi4.c.obj</name>
      </input_file>
      <input_file id="fl-11a">
         <path>C:\TI\ccs2040\ccs\tools\compiler\ti-cgt-armllvm_4.0.4.LTS\lib\armv6m-ti-none-eabi\</path>
         <kind>archive</kind>
         <file>libclang_rt.builtins.a</file>
         <name>aeabi_div0.c.obj</name>
      </input_file>
      <input_file id="fl-11b">
         <path>C:\TI\ccs2040\ccs\tools\compiler\ti-cgt-armllvm_4.0.4.LTS\lib\armv6m-ti-none-eabi\c\</path>
         <kind>archive</kind>
         <file>libc.a</file>
         <name>getdevice.c.obj</name>
      </input_file>
      <input_file id="fl-11c">
         <path>C:\TI\ccs2040\ccs\tools\compiler\ti-cgt-armllvm_4.0.4.LTS\lib\armv6m-ti-none-eabi\c\</path>
         <kind>archive</kind>
         <file>libc.a</file>
         <name>memcpy16.S.obj</name>
      </input_file>
      <input_file id="fl-11d">
         <path>C:\TI\ccs2040\ccs\tools\compiler\ti-cgt-armllvm_4.0.4.LTS\lib\armv6m-ti-none-eabi\c\</path>
         <kind>archive</kind>
         <file>libc.a</file>
         <name>memset16.S.obj</name>
      </input_file>
      <input_file id="fl-11e">
         <path>C:\TI\ccs2040\ccs\tools\compiler\ti-cgt-armllvm_4.0.4.LTS\lib\armv6m-ti-none-eabi\c\</path>
         <kind>archive</kind>
         <file>libc.a</file>
         <name>strcmp-armv6m.S.obj</name>
      </input_file>
   </input_file_list>
   <object_component_list>
      <object_component id="oc-18">
         <name>.intvecs</name>
         <load_address>0x0</load_address>
         <readonly>true</readonly>
         <run_address>0x0</run_address>
         <size>0xc0</size>
         <alignment>0x4</alignment>
         <input_file_ref idref="fl-14"/>
      </object_component>
      <object_component id="oc-9e">
         <name>.text.main</name>
         <load_address>0x8960</load_address>
         <readonly>true</readonly>
         <executable>true</executable>
         <run_address>0x8960</run_address>
         <size>0x1b64</size>
         <alignment>0x4</alignment>
         <input_file_ref idref="fl-a"/>
      </object_component>
      <object_component id="oc-11c">
         <name>.text.RenderAllSpritesToBuffer</name>
         <load_address>0xa4c4</load_address>
         <readonly>true</readonly>
         <executable>true</executable>
         <run_address>0xa4c4</run_address>
         <size>0x750</size>
         <alignment>0x4</alignment>
         <input_file_ref idref="fl-a"/>
      </object_component>
      <object_component id="oc-11b">
         <name>.text.RenderHalf</name>
         <load_address>0xac14</load_address>
         <readonly>true</readonly>
         <executable>true</executable>
         <run_address>0xac14</run_address>
         <size>0x340</size>
         <alignment>0x4</alignment>
         <input_file_ref idref="fl-a"/>
      </object_component>
      <object_component id="oc-222">
         <name>.text:__TI_printfi_minimal</name>
         <load_address>0xaf54</load_address>
         <readonly>true</readonly>
         <executable>true</executable>
         <run_address>0xaf54</run_address>
         <size>0x284</size>
         <alignment>0x4</alignment>
         <input_file_ref idref="fl-48"/>
      </object_component>
      <object_component id="oc-10f">
         <name>.text.CheckWeaponHitscan</name>
         <load_address>0xb1d8</load_address>
         <readonly>true</readonly>
         <executable>true</executable>
         <run_address>0xb1d8</run_address>
         <size>0x234</size>
         <alignment>0x4</alignment>
         <input_file_ref idref="fl-a"/>
      </object_component>
      <object_component id="oc-dc">
         <name>.text.ST7735_DrawTransparentmap</name>
         <load_address>0xb40c</load_address>
         <readonly>true</readonly>
         <executable>true</executable>
         <run_address>0xb40c</run_address>
         <size>0x214</size>
         <alignment>0x4</alignment>
         <input_file_ref idref="fl-d"/>
      </object_component>
      <object_component id="oc-13f">
         <name>.text.ST7735_DrawBitmap</name>
         <load_address>0xb620</load_address>
         <readonly>true</readonly>
         <executable>true</executable>
         <run_address>0xb620</run_address>
         <size>0x210</size>
         <alignment>0x4</alignment>
         <input_file_ref idref="fl-d"/>
      </object_component>
      <object_component id="oc-e0">
         <name>.text.ResetSurvivalRound</name>
         <load_address>0xb830</load_address>
         <readonly>true</readonly>
         <executable>true</executable>
         <run_address>0xb830</run_address>
         <size>0x1ec</size>
         <alignment>0x4</alignment>
         <input_file_ref idref="fl-a"/>
      </object_component>
      <object_component id="oc-16f">
         <name>.text.Clock_Init80MHz</name>
         <load_address>0xba1c</load_address>
         <readonly>true</readonly>
         <executable>true</executable>
         <run_address>0xba1c</run_address>
         <size>0x1b4</size>
         <alignment>0x4</alignment>
         <input_file_ref idref="fl-4"/>
      </object_component>
      <object_component id="oc-214">
         <name>.text.ST7735_DrawChar</name>
         <load_address>0xbbd0</load_address>
         <readonly>true</readonly>
         <executable>true</executable>
         <run_address>0xbbd0</run_address>
         <size>0x1a8</size>
         <alignment>0x4</alignment>
         <input_file_ref idref="fl-d"/>
      </object_component>
      <object_component id="oc-200">
         <name>.text._openfile</name>
         <load_address>0xbd78</load_address>
         <readonly>true</readonly>
         <executable>true</executable>
         <run_address>0xbd78</run_address>
         <size>0x154</size>
         <alignment>0x4</alignment>
         <input_file_ref idref="fl-38"/>
      </object_component>
      <object_component id="oc-ca">
         <name>.text.ADC_InitTriple</name>
         <load_address>0xbecc</load_address>
         <readonly>true</readonly>
         <executable>true</executable>
         <run_address>0xbecc</run_address>
         <size>0x130</size>
         <alignment>0x4</alignment>
         <input_file_ref idref="fl-1"/>
      </object_component>
      <object_component id="oc-1c7">
         <name>.text.BufferChar</name>
         <load_address>0xbffc</load_address>
         <readonly>true</readonly>
         <executable>true</executable>
         <run_address>0xbffc</run_address>
         <size>0x130</size>
         <alignment>0x4</alignment>
         <input_file_ref idref="fl-a"/>
      </object_component>
      <object_component id="oc-11d">
         <name>.text.BufferWeapon</name>
         <load_address>0xc12c</load_address>
         <readonly>true</readonly>
         <executable>true</executable>
         <run_address>0xc12c</run_address>
         <size>0x118</size>
         <alignment>0x4</alignment>
         <input_file_ref idref="fl-a"/>
      </object_component>
      <object_component id="oc-195">
         <name>.text.ST7735_FillRect</name>
         <load_address>0xc244</load_address>
         <readonly>true</readonly>
         <executable>true</executable>
         <run_address>0xc244</run_address>
         <size>0x118</size>
         <alignment>0x4</alignment>
         <input_file_ref idref="fl-d"/>
      </object_component>
      <object_component id="oc-27b">
         <name>.text.aligned_alloc</name>
         <load_address>0xc35c</load_address>
         <readonly>true</readonly>
         <executable>true</executable>
         <run_address>0xc35c</run_address>
         <size>0x114</size>
         <alignment>0x4</alignment>
         <input_file_ref idref="fl-3f"/>
      </object_component>
      <object_component id="oc-239">
         <name>.text.SPI_Init</name>
         <load_address>0xc470</load_address>
         <readonly>true</readonly>
         <executable>true</executable>
         <run_address>0xc470</run_address>
         <size>0xf8</size>
         <alignment>0x4</alignment>
         <input_file_ref idref="fl-c"/>
      </object_component>
      <object_component id="oc-178">
         <name>.text.add_device</name>
         <load_address>0xc568</load_address>
         <readonly>true</readonly>
         <executable>true</executable>
         <run_address>0xc568</run_address>
         <size>0xec</size>
         <alignment>0x4</alignment>
         <input_file_ref idref="fl-fc"/>
      </object_component>
      <object_component id="oc-209">
         <name>.text.free</name>
         <load_address>0xc654</load_address>
         <readonly>true</readonly>
         <executable>true</executable>
         <run_address>0xc654</run_address>
         <size>0xe8</size>
         <alignment>0x4</alignment>
         <input_file_ref idref="fl-3f"/>
      </object_component>
      <object_component id="oc-183">
         <name>.text.setvbuf</name>
         <load_address>0xc73c</load_address>
         <readonly>true</readonly>
         <executable>true</executable>
         <run_address>0xc73c</run_address>
         <size>0xe0</size>
         <alignment>0x4</alignment>
         <input_file_ref idref="fl-39"/>
      </object_component>
      <object_component id="oc-1d3">
         <name>.text.Japan_OutChar</name>
         <load_address>0xc81c</load_address>
         <readonly>true</readonly>
         <executable>true</executable>
         <run_address>0xc81c</run_address>
         <size>0xdc</size>
         <alignment>0x4</alignment>
         <input_file_ref idref="fl-7"/>
      </object_component>
      <object_component id="oc-1a2">
         <name>.text.ST7735_OutChar</name>
         <load_address>0xc8f8</load_address>
         <readonly>true</readonly>
         <executable>true</executable>
         <run_address>0xc8f8</run_address>
         <size>0xd0</size>
         <alignment>0x4</alignment>
         <input_file_ref idref="fl-d"/>
      </object_component>
      <object_component id="oc-10e">
         <name>.text.HasLineOfSight</name>
         <load_address>0xc9c8</load_address>
         <readonly>true</readonly>
         <executable>true</executable>
         <run_address>0xc9c8</run_address>
         <size>0xc4</size>
         <alignment>0x4</alignment>
         <input_file_ref idref="fl-a"/>
      </object_component>
      <object_component id="oc-1a8">
         <name>.text.SpawnEnergyPickups</name>
         <load_address>0xca8c</load_address>
         <readonly>true</readonly>
         <executable>true</executable>
         <run_address>0xca8c</run_address>
         <size>0xbc</size>
         <alignment>0x4</alignment>
         <input_file_ref idref="fl-a"/>
      </object_component>
      <object_component id="oc-1c3">
         <name>.text.SortSprites</name>
         <load_address>0xcb48</load_address>
         <readonly>true</readonly>
         <executable>true</executable>
         <run_address>0xcb48</run_address>
         <size>0xa4</size>
         <alignment>0x2</alignment>
         <input_file_ref idref="fl-a"/>
      </object_component>
      <object_component id="oc-1ea">
         <name>.text.commandList</name>
         <load_address>0xcbec</load_address>
         <readonly>true</readonly>
         <executable>true</executable>
         <run_address>0xcbec</run_address>
         <size>0xa2</size>
         <alignment>0x2</alignment>
         <input_file_ref idref="fl-d"/>
      </object_component>
      <object_component id="oc-1a9">
         <name>.text.__aeabi_idiv0</name>
         <load_address>0xcc8e</load_address>
         <readonly>true</readonly>
         <executable>true</executable>
         <run_address>0xcc8e</run_address>
         <size>0x2</size>
         <alignment>0x2</alignment>
         <input_file_ref idref="fl-11a"/>
      </object_component>
      <object_component id="oc-21b">
         <name>.text</name>
         <load_address>0xcc90</load_address>
         <readonly>true</readonly>
         <executable>true</executable>
         <run_address>0xcc90</run_address>
         <size>0xa2</size>
         <alignment>0x4</alignment>
         <input_file_ref idref="fl-116"/>
      </object_component>
      <object_component id="oc-27d">
         <name>.text.__aeabi_ldiv0</name>
         <load_address>0xcd32</load_address>
         <readonly>true</readonly>
         <executable>true</executable>
         <run_address>0xcd32</run_address>
         <size>0x2</size>
         <alignment>0x2</alignment>
         <input_file_ref idref="fl-11a"/>
      </object_component>
      <object_component id="oc-263">
         <name>.text.open</name>
         <load_address>0xcd34</load_address>
         <readonly>true</readonly>
         <executable>true</executable>
         <run_address>0xcd34</run_address>
         <size>0xa0</size>
         <alignment>0x4</alignment>
         <input_file_ref idref="fl-f9"/>
      </object_component>
      <object_component id="oc-c4">
         <name>.text.ST7735_InitPrintf</name>
         <load_address>0xcdd4</load_address>
         <readonly>true</readonly>
         <executable>true</executable>
         <run_address>0xcdd4</run_address>
         <size>0x9c</size>
         <alignment>0x4</alignment>
         <input_file_ref idref="fl-d"/>
      </object_component>
      <object_component id="oc-177">
         <name>.text.ST7735_InitR</name>
         <load_address>0xce70</load_address>
         <readonly>true</readonly>
         <executable>true</executable>
         <run_address>0xce70</run_address>
         <size>0x98</size>
         <alignment>0x4</alignment>
         <input_file_ref idref="fl-d"/>
      </object_component>
      <object_component id="oc-d3">
         <name>.text.TimerG12_IntArm</name>
         <load_address>0xcf08</load_address>
         <readonly>true</readonly>
         <executable>true</executable>
         <run_address>0xcf08</run_address>
         <size>0x94</size>
         <alignment>0x4</alignment>
         <input_file_ref idref="fl-11"/>
      </object_component>
      <object_component id="oc-1c9">
         <name>.text.setAddrWindow</name>
         <load_address>0xcf9c</load_address>
         <readonly>true</readonly>
         <executable>true</executable>
         <run_address>0xcf9c</run_address>
         <size>0x88</size>
         <alignment>0x4</alignment>
         <input_file_ref idref="fl-d"/>
      </object_component>
      <object_component id="oc-2ba">
         <name>.text.Clock_Freq</name>
         <load_address>0xd024</load_address>
         <readonly>true</readonly>
         <executable>true</executable>
         <run_address>0xd024</run_address>
         <size>0xc</size>
         <alignment>0x4</alignment>
         <input_file_ref idref="fl-4"/>
      </object_component>
      <object_component id="oc-23b">
         <name>.text:strcmp</name>
         <load_address>0xd030</load_address>
         <readonly>true</readonly>
         <executable>true</executable>
         <run_address>0xd030</run_address>
         <size>0x88</size>
         <alignment>0x10</alignment>
         <input_file_ref idref="fl-11e"/>
      </object_component>
      <object_component id="oc-213">
         <name>.text.ST7735_DrawString</name>
         <load_address>0xd0b8</load_address>
         <readonly>true</readonly>
         <executable>true</executable>
         <run_address>0xd0b8</run_address>
         <size>0x84</size>
         <alignment>0x2</alignment>
         <input_file_ref idref="fl-d"/>
      </object_component>
      <object_component id="oc-41">
         <name>.text.TIMG12_IRQHandler</name>
         <load_address>0xd13c</load_address>
         <readonly>true</readonly>
         <executable>true</executable>
         <run_address>0xd13c</run_address>
         <size>0x84</size>
         <alignment>0x4</alignment>
         <input_file_ref idref="fl-a"/>
      </object_component>
      <object_component id="oc-bf">
         <name>.text.LaunchPad_Init</name>
         <load_address>0xd1c0</load_address>
         <readonly>true</readonly>
         <executable>true</executable>
         <run_address>0xd1c0</run_address>
         <size>0x7c</size>
         <alignment>0x4</alignment>
         <input_file_ref idref="fl-b"/>
      </object_component>
      <object_component id="oc-203">
         <name>.text.__TI_closefile</name>
         <load_address>0xd23c</load_address>
         <readonly>true</readonly>
         <executable>true</executable>
         <run_address>0xd23c</run_address>
         <size>0x7c</size>
         <alignment>0x4</alignment>
         <input_file_ref idref="fl-49"/>
      </object_component>
      <object_component id="oc-1c">
         <name>.text:decompress:lzss</name>
         <load_address>0xd2b8</load_address>
         <readonly>true</readonly>
         <executable>true</executable>
         <run_address>0xd2b8</run_address>
         <size>0x7c</size>
         <alignment>0x4</alignment>
         <input_file_ref idref="fl-47"/>
      </object_component>
      <object_component id="oc-df">
         <name>.text.Update_Health_LEDs</name>
         <load_address>0xd334</load_address>
         <readonly>true</readonly>
         <executable>true</executable>
         <run_address>0xd334</run_address>
         <size>0x78</size>
         <alignment>0x4</alignment>
         <input_file_ref idref="fl-a"/>
      </object_component>
      <object_component id="oc-79">
         <name>.text.ADC_InTriple</name>
         <load_address>0xd3ac</load_address>
         <readonly>true</readonly>
         <executable>true</executable>
         <run_address>0xd3ac</run_address>
         <size>0x74</size>
         <alignment>0x4</alignment>
         <input_file_ref idref="fl-1"/>
      </object_component>
      <object_component id="oc-1a3">
         <name>.text.ST7735_DrawPixel</name>
         <load_address>0xd420</load_address>
         <readonly>true</readonly>
         <executable>true</executable>
         <run_address>0xd420</run_address>
         <size>0x70</size>
         <alignment>0x4</alignment>
         <input_file_ref idref="fl-d"/>
      </object_component>
      <object_component id="oc-76">
         <name>.text.disk_timerproc</name>
         <load_address>0xd490</load_address>
         <readonly>true</readonly>
         <executable>true</executable>
         <run_address>0xd490</run_address>
         <size>0x70</size>
         <alignment>0x4</alignment>
         <input_file_ref idref="fl-12"/>
      </object_component>
      <object_component id="oc-251">
         <name>.text.HOSTlseek</name>
         <load_address>0xd500</load_address>
         <readonly>true</readonly>
         <executable>true</executable>
         <run_address>0xd500</run_address>
         <size>0x6c</size>
         <alignment>0x4</alignment>
         <input_file_ref idref="fl-ff"/>
      </object_component>
      <object_component id="oc-259">
         <name>.text.HOSTrename</name>
         <load_address>0xd56c</load_address>
         <readonly>true</readonly>
         <executable>true</executable>
         <run_address>0xd56c</run_address>
         <size>0x6c</size>
         <alignment>0x4</alignment>
         <input_file_ref idref="fl-102"/>
      </object_component>
      <object_component id="oc-2db">
         <name>.text.getdevice</name>
         <load_address>0xd5d8</load_address>
         <readonly>true</readonly>
         <executable>true</executable>
         <run_address>0xd5d8</run_address>
         <size>0x6c</size>
         <alignment>0x4</alignment>
         <input_file_ref idref="fl-11b"/>
      </object_component>
      <object_component id="oc-dd">
         <name>.text.DisplayPhrase</name>
         <load_address>0xd644</load_address>
         <readonly>true</readonly>
         <executable>true</executable>
         <run_address>0xd644</run_address>
         <size>0x68</size>
         <alignment>0x4</alignment>
         <input_file_ref idref="fl-a"/>
      </object_component>
      <object_component id="oc-2f2">
         <name>.text.split</name>
         <load_address>0xd6ac</load_address>
         <readonly>true</readonly>
         <executable>true</executable>
         <run_address>0xd6ac</run_address>
         <size>0x64</size>
         <alignment>0x4</alignment>
         <input_file_ref idref="fl-3f"/>
      </object_component>
      <object_component id="oc-241">
         <name>.text.HOSTopen</name>
         <load_address>0xd710</load_address>
         <readonly>true</readonly>
         <executable>true</executable>
         <run_address>0xd710</run_address>
         <size>0x60</size>
         <alignment>0x4</alignment>
         <input_file_ref idref="fl-100"/>
      </object_component>
      <object_component id="oc-249">
         <name>.text.HOSTread</name>
         <load_address>0xd770</load_address>
         <readonly>true</readonly>
         <executable>true</executable>
         <run_address>0xd770</run_address>
         <size>0x58</size>
         <alignment>0x4</alignment>
         <input_file_ref idref="fl-101"/>
      </object_component>
      <object_component id="oc-24d">
         <name>.text.HOSTwrite</name>
         <load_address>0xd7c8</load_address>
         <readonly>true</readonly>
         <executable>true</executable>
         <run_address>0xd7c8</run_address>
         <size>0x58</size>
         <alignment>0x4</alignment>
         <input_file_ref idref="fl-104"/>
      </object_component>
      <object_component id="oc-130">
         <name>.text.__aeabi_idivmod</name>
         <load_address>0xd820</load_address>
         <readonly>true</readonly>
         <executable>true</executable>
         <run_address>0xd820</run_address>
         <size>0x56</size>
         <alignment>0x4</alignment>
         <input_file_ref idref="fl-110"/>
      </object_component>
      <object_component id="oc-267">
         <name>.text.__TI_doflush</name>
         <load_address>0xd876</load_address>
         <readonly>true</readonly>
         <executable>true</executable>
         <run_address>0xd876</run_address>
         <size>0x52</size>
         <alignment>0x2</alignment>
         <input_file_ref idref="fl-4a"/>
      </object_component>
      <object_component id="oc-26d">
         <name>.text.close</name>
         <load_address>0xd8c8</load_address>
         <readonly>true</readonly>
         <executable>true</executable>
         <run_address>0xd8c8</run_address>
         <size>0x50</size>
         <alignment>0x4</alignment>
         <input_file_ref idref="fl-fb"/>
      </object_component>
      <object_component id="oc-12f">
         <name>.text.BufferString</name>
         <load_address>0xd918</load_address>
         <readonly>true</readonly>
         <executable>true</executable>
         <run_address>0xd918</run_address>
         <size>0x4a</size>
         <alignment>0x2</alignment>
         <input_file_ref idref="fl-a"/>
      </object_component>
      <object_component id="oc-230">
         <name>.text._nop</name>
         <load_address>0xd962</load_address>
         <readonly>true</readonly>
         <executable>true</executable>
         <run_address>0xd962</run_address>
         <size>0x2</size>
         <alignment>0x2</alignment>
         <input_file_ref idref="fl-3c"/>
      </object_component>
      <object_component id="oc-245">
         <name>.text.HOSTclose</name>
         <load_address>0xd964</load_address>
         <readonly>true</readonly>
         <executable>true</executable>
         <run_address>0xd964</run_address>
         <size>0x48</size>
         <alignment>0x4</alignment>
         <input_file_ref idref="fl-fe"/>
      </object_component>
      <object_component id="oc-255">
         <name>.text.HOSTunlink</name>
         <load_address>0xd9ac</load_address>
         <readonly>true</readonly>
         <executable>true</executable>
         <run_address>0xd9ac</run_address>
         <size>0x48</size>
         <alignment>0x4</alignment>
         <input_file_ref idref="fl-103"/>
      </object_component>
      <object_component id="oc-1eb">
         <name>.text.SPI_OutCommand</name>
         <load_address>0xd9f4</load_address>
         <readonly>true</readonly>
         <executable>true</executable>
         <run_address>0xd9f4</run_address>
         <size>0x48</size>
         <alignment>0x4</alignment>
         <input_file_ref idref="fl-c"/>
      </object_component>
      <object_component id="oc-19c">
         <name>.text.SysTick_IntArm</name>
         <load_address>0xda3c</load_address>
         <readonly>true</readonly>
         <executable>true</executable>
         <run_address>0xda3c</run_address>
         <size>0x44</size>
         <alignment>0x4</alignment>
         <input_file_ref idref="fl-f"/>
      </object_component>
      <object_component id="oc-2bb">
         <name>.text.SPI_Reset</name>
         <load_address>0xda80</load_address>
         <readonly>true</readonly>
         <executable>true</executable>
         <run_address>0xda80</run_address>
         <size>0x40</size>
         <alignment>0x4</alignment>
         <input_file_ref idref="fl-c"/>
      </object_component>
      <object_component id="oc-37">
         <name>.text.SysTick_Handler</name>
         <load_address>0xdac0</load_address>
         <readonly>true</readonly>
         <executable>true</executable>
         <run_address>0xdac0</run_address>
         <size>0x40</size>
         <alignment>0x4</alignment>
         <input_file_ref idref="fl-f"/>
      </object_component>
      <object_component id="oc-e1">
         <name>.text.__aeabi_uidivmod</name>
         <load_address>0xdb00</load_address>
         <readonly>true</readonly>
         <executable>true</executable>
         <run_address>0xdb00</run_address>
         <size>0x40</size>
         <alignment>0x4</alignment>
         <input_file_ref idref="fl-114"/>
      </object_component>
      <object_component id="oc-1ff">
         <name>.text._search_fp</name>
         <load_address>0xdb40</load_address>
         <readonly>true</readonly>
         <executable>true</executable>
         <run_address>0xdb40</run_address>
         <size>0x40</size>
         <alignment>0x4</alignment>
         <input_file_ref idref="fl-38"/>
      </object_component>
      <object_component id="oc-1b8">
         <name>.text.__divmoddi4</name>
         <load_address>0xdb80</load_address>
         <readonly>true</readonly>
         <executable>true</executable>
         <run_address>0xdb80</run_address>
         <size>0x3e</size>
         <alignment>0x2</alignment>
         <input_file_ref idref="fl-119"/>
      </object_component>
      <object_component id="oc-19b">
         <name>.text.DAC5_Init</name>
         <load_address>0xdbc0</load_address>
         <readonly>true</readonly>
         <executable>true</executable>
         <run_address>0xdbc0</run_address>
         <size>0x3c</size>
         <alignment>0x4</alignment>
         <input_file_ref idref="fl-6"/>
      </object_component>
      <object_component id="oc-107">
         <name>.text.RandomRange</name>
         <load_address>0xdbfc</load_address>
         <readonly>true</readonly>
         <executable>true</executable>
         <run_address>0xdbfc</run_address>
         <size>0x3c</size>
         <alignment>0x4</alignment>
         <input_file_ref idref="fl-a"/>
      </object_component>
      <object_component id="oc-156">
         <name>.text:__TI_auto_init_nobinit_nopinit</name>
         <load_address>0xdc38</load_address>
         <readonly>true</readonly>
         <executable>true</executable>
         <run_address>0xdc38</run_address>
         <size>0x3c</size>
         <alignment>0x4</alignment>
         <input_file_ref idref="fl-42"/>
      </object_component>
      <object_component id="oc-1b3">
         <name>.text.__muldsi3</name>
         <load_address>0xdc74</load_address>
         <readonly>true</readonly>
         <executable>true</executable>
         <run_address>0xdc74</run_address>
         <size>0x3a</size>
         <alignment>0x4</alignment>
         <input_file_ref idref="fl-108"/>
      </object_component>
      <object_component id="oc-174">
         <name>.text.ActivatePortA_B</name>
         <load_address>0xdcb0</load_address>
         <readonly>true</readonly>
         <executable>true</executable>
         <run_address>0xdcb0</run_address>
         <size>0x38</size>
         <alignment>0x4</alignment>
         <input_file_ref idref="fl-b"/>
      </object_component>
      <object_component id="oc-1ca">
         <name>.text.SPI_OutData</name>
         <load_address>0xdce8</load_address>
         <readonly>true</readonly>
         <executable>true</executable>
         <run_address>0xdce8</run_address>
         <size>0x38</size>
         <alignment>0x4</alignment>
         <input_file_ref idref="fl-c"/>
      </object_component>
      <object_component id="oc-115">
         <name>.text.sprintf</name>
         <load_address>0xdd20</load_address>
         <readonly>true</readonly>
         <executable>true</executable>
         <run_address>0xdd20</run_address>
         <size>0x38</size>
         <alignment>0x4</alignment>
         <input_file_ref idref="fl-37"/>
      </object_component>
      <object_component id="oc-23a">
         <name>.text.Clock_Delay1ms</name>
         <load_address>0xdd58</load_address>
         <readonly>true</readonly>
         <executable>true</executable>
         <run_address>0xdd58</run_address>
         <size>0x34</size>
         <alignment>0x4</alignment>
         <input_file_ref idref="fl-4"/>
      </object_component>
      <object_component id="oc-140">
         <name>.text.Japan_SetCursor</name>
         <load_address>0xdd8c</load_address>
         <readonly>true</readonly>
         <executable>true</executable>
         <run_address>0xdd8c</run_address>
         <size>0x34</size>
         <alignment>0x4</alignment>
         <input_file_ref idref="fl-7"/>
      </object_component>
      <object_component id="oc-da">
         <name>.text.ST7735_SetCursor</name>
         <load_address>0xddc0</load_address>
         <readonly>true</readonly>
         <executable>true</executable>
         <run_address>0xddc0</run_address>
         <size>0x34</size>
         <alignment>0x4</alignment>
         <input_file_ref idref="fl-d"/>
      </object_component>
      <object_component id="oc-18a">
         <name>.text.ST7735_write</name>
         <load_address>0xddf4</load_address>
         <readonly>true</readonly>
         <executable>true</executable>
         <run_address>0xddf4</run_address>
         <size>0x34</size>
         <alignment>0x2</alignment>
         <input_file_ref idref="fl-d"/>
      </object_component>
      <object_component id="oc-20c">
         <name>.text.__TI_cleanup</name>
         <load_address>0xde28</load_address>
         <readonly>true</readonly>
         <executable>true</executable>
         <run_address>0xde28</run_address>
         <size>0x34</size>
         <alignment>0x4</alignment>
         <input_file_ref idref="fl-38"/>
      </object_component>
      <object_component id="oc-2c3">
         <name>.text.__TI_readmsg</name>
         <load_address>0xde5c</load_address>
         <readonly>true</readonly>
         <executable>true</executable>
         <run_address>0xde5c</run_address>
         <size>0x34</size>
         <alignment>0x4</alignment>
         <input_file_ref idref="fl-105"/>
      </object_component>
      <object_component id="oc-2bd">
         <name>.text.__TI_writemsg</name>
         <load_address>0xde90</load_address>
         <readonly>true</readonly>
         <executable>true</executable>
         <run_address>0xde90</run_address>
         <size>0x34</size>
         <alignment>0x4</alignment>
         <input_file_ref idref="fl-105"/>
      </object_component>
      <object_component id="oc-154">
         <name>.text.exit</name>
         <load_address>0xdec4</load_address>
         <readonly>true</readonly>
         <executable>true</executable>
         <run_address>0xdec4</run_address>
         <size>0x34</size>
         <alignment>0x4</alignment>
         <input_file_ref idref="fl-3b"/>
      </object_component>
      <object_component id="oc-1f3">
         <name>.text.finddevice</name>
         <load_address>0xdef8</load_address>
         <readonly>true</readonly>
         <executable>true</executable>
         <run_address>0xdef8</run_address>
         <size>0x34</size>
         <alignment>0x4</alignment>
         <input_file_ref idref="fl-11b"/>
      </object_component>
      <object_component id="oc-182">
         <name>.text.freopen</name>
         <load_address>0xdf2c</load_address>
         <readonly>true</readonly>
         <executable>true</executable>
         <run_address>0xdf2c</run_address>
         <size>0x34</size>
         <alignment>0x4</alignment>
         <input_file_ref idref="fl-38"/>
      </object_component>
      <object_component id="oc-1e9">
         <name>.text.commonInit</name>
         <load_address>0xdf60</load_address>
         <readonly>true</readonly>
         <executable>true</executable>
         <run_address>0xdf60</run_address>
         <size>0x30</size>
         <alignment>0x4</alignment>
         <input_file_ref idref="fl-d"/>
      </object_component>
      <object_component id="oc-17c">
         <name>.text.fopen</name>
         <load_address>0xdf90</load_address>
         <readonly>true</readonly>
         <executable>true</executable>
         <run_address>0xdf90</run_address>
         <size>0x30</size>
         <alignment>0x4</alignment>
         <input_file_ref idref="fl-38"/>
      </object_component>
      <object_component id="oc-cc">
         <name>.text.LED_Init</name>
         <load_address>0xdfc0</load_address>
         <readonly>true</readonly>
         <executable>true</executable>
         <run_address>0xdfc0</run_address>
         <size>0x2c</size>
         <alignment>0x4</alignment>
         <input_file_ref idref="fl-9"/>
      </object_component>
      <object_component id="oc-c9">
         <name>.text.ST7735_FillScreen</name>
         <load_address>0xdfec</load_address>
         <readonly>true</readonly>
         <executable>true</executable>
         <run_address>0xdfec</run_address>
         <size>0x2c</size>
         <alignment>0x4</alignment>
         <input_file_ref idref="fl-d"/>
      </object_component>
      <object_component id="oc-2ea">
         <name>.text.unlink</name>
         <load_address>0xe018</load_address>
         <readonly>true</readonly>
         <executable>true</executable>
         <run_address>0xe018</run_address>
         <size>0x2c</size>
         <alignment>0x4</alignment>
         <input_file_ref idref="fl-fd"/>
      </object_component>
      <object_component id="oc-d1">
         <name>.text.Sound_Init</name>
         <load_address>0xe044</load_address>
         <readonly>true</readonly>
         <executable>true</executable>
         <run_address>0xe044</run_address>
         <size>0x28</size>
         <alignment>0x4</alignment>
         <input_file_ref idref="fl-f"/>
      </object_component>
      <object_component id="oc-cb">
         <name>.text.Switch_Init</name>
         <load_address>0xe06c</load_address>
         <readonly>true</readonly>
         <executable>true</executable>
         <run_address>0xe06c</run_address>
         <size>0x28</size>
         <alignment>0x4</alignment>
         <input_file_ref idref="fl-10"/>
      </object_component>
      <object_component id="oc-27a">
         <name>.text.free_list_insert</name>
         <load_address>0xe094</load_address>
         <readonly>true</readonly>
         <executable>true</executable>
         <run_address>0xe094</run_address>
         <size>0x28</size>
         <alignment>0x4</alignment>
         <input_file_ref idref="fl-3f"/>
      </object_component>
      <object_component id="oc-2e1">
         <name>.text.write</name>
         <load_address>0xe0bc</load_address>
         <readonly>true</readonly>
         <executable>true</executable>
         <run_address>0xe0bc</run_address>
         <size>0x28</size>
         <alignment>0x4</alignment>
         <input_file_ref idref="fl-f6"/>
      </object_component>
      <object_component id="oc-61">
         <name>.text:_c_int00_noargs</name>
         <load_address>0xe0e4</load_address>
         <readonly>true</readonly>
         <executable>true</executable>
         <run_address>0xe0e4</run_address>
         <size>0x28</size>
         <alignment>0x4</alignment>
         <input_file_ref idref="fl-40"/>
      </object_component>
      <object_component id="oc-145">
         <name>.text.Japan_OutString</name>
         <load_address>0xe10c</load_address>
         <readonly>true</readonly>
         <executable>true</executable>
         <run_address>0xe10c</run_address>
         <size>0x26</size>
         <alignment>0x2</alignment>
         <input_file_ref idref="fl-7"/>
      </object_component>
      <object_component id="oc-db">
         <name>.text.ST7735_OutString</name>
         <load_address>0xe132</load_address>
         <readonly>true</readonly>
         <executable>true</executable>
         <run_address>0xe132</run_address>
         <size>0x26</size>
         <alignment>0x2</alignment>
         <input_file_ref idref="fl-d"/>
      </object_component>
      <object_component id="oc-1a4">
         <name>.text.Sound_Start</name>
         <load_address>0xe158</load_address>
         <readonly>true</readonly>
         <executable>true</executable>
         <run_address>0xe158</run_address>
         <size>0x24</size>
         <alignment>0x4</alignment>
         <input_file_ref idref="fl-f"/>
      </object_component>
      <object_component id="oc-103">
         <name>.text.__muldi3</name>
         <load_address>0xe17c</load_address>
         <readonly>true</readonly>
         <executable>true</executable>
         <run_address>0xe17c</run_address>
         <size>0x24</size>
         <alignment>0x4</alignment>
         <input_file_ref idref="fl-10d"/>
      </object_component>
      <object_component id="oc-285">
         <name>.text.memccpy</name>
         <load_address>0xe1a0</load_address>
         <readonly>true</readonly>
         <executable>true</executable>
         <run_address>0xe1a0</run_address>
         <size>0x22</size>
         <alignment>0x2</alignment>
         <input_file_ref idref="fl-50"/>
      </object_component>
      <object_component id="oc-1a7">
         <name>.text.FixedAbs</name>
         <load_address>0xe1c2</load_address>
         <readonly>true</readonly>
         <executable>true</executable>
         <run_address>0xe1c2</run_address>
         <size>0x20</size>
         <alignment>0x2</alignment>
         <input_file_ref idref="fl-a"/>
      </object_component>
      <object_component id="oc-27e">
         <name>.text.__ashldi3</name>
         <load_address>0xe1e4</load_address>
         <readonly>true</readonly>
         <executable>true</executable>
         <run_address>0xe1e4</run_address>
         <size>0x1e</size>
         <alignment>0x4</alignment>
         <input_file_ref idref="fl-117"/>
      </object_component>
      <object_component id="oc-216">
         <name>.text.pushColor</name>
         <load_address>0xe202</load_address>
         <readonly>true</readonly>
         <executable>true</executable>
         <run_address>0xe202</run_address>
         <size>0x1e</size>
         <alignment>0x2</alignment>
         <input_file_ref idref="fl-d"/>
      </object_component>
      <object_component id="oc-6d">
         <name>.text.DAC5_Out</name>
         <load_address>0xe220</load_address>
         <readonly>true</readonly>
         <executable>true</executable>
         <run_address>0xe220</run_address>
         <size>0x1c</size>
         <alignment>0x4</alignment>
         <input_file_ref idref="fl-6"/>
      </object_component>
      <object_component id="oc-35">
         <name>.text.Default_Handler</name>
         <load_address>0xe23c</load_address>
         <readonly>true</readonly>
         <executable>true</executable>
         <run_address>0xe23c</run_address>
         <size>0x1c</size>
         <alignment>0x4</alignment>
         <input_file_ref idref="fl-14"/>
      </object_component>
      <object_component id="oc-36">
         <name>.text.HardFault_Handler</name>
         <load_address>0xe258</load_address>
         <readonly>true</readonly>
         <executable>true</executable>
         <run_address>0xe258</run_address>
         <size>0x1c</size>
         <alignment>0x4</alignment>
         <input_file_ref idref="fl-14"/>
      </object_component>
      <object_component id="oc-7e">
         <name>.text.Switch_In</name>
         <load_address>0xe274</load_address>
         <readonly>true</readonly>
         <executable>true</executable>
         <run_address>0xe274</run_address>
         <size>0x1c</size>
         <alignment>0x4</alignment>
         <input_file_ref idref="fl-10"/>
      </object_component>
      <object_component id="oc-278">
         <name>.text.free_list_remove</name>
         <load_address>0xe290</load_address>
         <readonly>true</readonly>
         <executable>true</executable>
         <run_address>0xe290</run_address>
         <size>0x1c</size>
         <alignment>0x4</alignment>
         <input_file_ref idref="fl-3f"/>
      </object_component>
      <object_component id="oc-3c">
         <name>.text.TIMG6_IRQHandler</name>
         <load_address>0xe2ac</load_address>
         <readonly>true</readonly>
         <executable>true</executable>
         <run_address>0xe2ac</run_address>
         <size>0x18</size>
         <alignment>0x4</alignment>
         <input_file_ref idref="fl-12"/>
      </object_component>
      <object_component id="oc-1be">
         <name>.text._outs</name>
         <load_address>0xe2c4</load_address>
         <readonly>true</readonly>
         <executable>true</executable>
         <run_address>0xe2c4</run_address>
         <size>0x18</size>
         <alignment>0x2</alignment>
         <input_file_ref idref="fl-37"/>
      </object_component>
      <object_component id="oc-18d">
         <name>.text.ST7735_open</name>
         <load_address>0xe2dc</load_address>
         <readonly>true</readonly>
         <executable>true</executable>
         <run_address>0xe2dc</run_address>
         <size>0x16</size>
         <alignment>0x2</alignment>
         <input_file_ref idref="fl-d"/>
      </object_component>
      <object_component id="oc-18b">
         <name>.text.ST7735_read</name>
         <load_address>0xe2f2</load_address>
         <readonly>true</readonly>
         <executable>true</executable>
         <run_address>0xe2f2</run_address>
         <size>0x16</size>
         <alignment>0x2</alignment>
         <input_file_ref idref="fl-d"/>
      </object_component>
      <object_component id="oc-d2">
         <name>.text.LED_Off</name>
         <load_address>0xe308</load_address>
         <readonly>true</readonly>
         <executable>true</executable>
         <run_address>0xe308</run_address>
         <size>0x14</size>
         <alignment>0x4</alignment>
         <input_file_ref idref="fl-9"/>
      </object_component>
      <object_component id="oc-1a6">
         <name>.text.LED_On</name>
         <load_address>0xe31c</load_address>
         <readonly>true</readonly>
         <executable>true</executable>
         <run_address>0xe31c</run_address>
         <size>0x14</size>
         <alignment>0x4</alignment>
         <input_file_ref idref="fl-9"/>
      </object_component>
      <object_component id="oc-d9">
         <name>.text.ST7735_SetTextColor</name>
         <load_address>0xe330</load_address>
         <readonly>true</readonly>
         <executable>true</executable>
         <run_address>0xe330</run_address>
         <size>0x14</size>
         <alignment>0x4</alignment>
         <input_file_ref idref="fl-d"/>
      </object_component>
      <object_component id="oc-de">
         <name>.text.Sound_shoot</name>
         <load_address>0xe344</load_address>
         <readonly>true</readonly>
         <executable>true</executable>
         <run_address>0xe344</run_address>
         <size>0x14</size>
         <alignment>0x4</alignment>
         <input_file_ref idref="fl-f"/>
      </object_component>
      <object_component id="oc-10a">
         <name>.text.__aeabi_ldivmod</name>
         <load_address>0xe358</load_address>
         <readonly>true</readonly>
         <executable>true</executable>
         <run_address>0xe358</run_address>
         <size>0x14</size>
         <alignment>0x4</alignment>
         <input_file_ref idref="fl-111"/>
      </object_component>
      <object_component id="oc-b4">
         <name>.text:TI_memcpy_small</name>
         <load_address>0xe36c</load_address>
         <readonly>true</readonly>
         <executable>true</executable>
         <run_address>0xe36c</run_address>
         <size>0x12</size>
         <alignment>0x1</alignment>
         <input_file_ref idref="fl-11c"/>
      </object_component>
      <object_component id="oc-20">
         <name>.text:decompress:none</name>
         <load_address>0xe37e</load_address>
         <readonly>true</readonly>
         <executable>true</executable>
         <run_address>0xe37e</run_address>
         <size>0x12</size>
         <alignment>0x2</alignment>
         <input_file_ref idref="fl-46"/>
      </object_component>
      <object_component id="oc-198">
         <name>.text.Clock_Delay</name>
         <load_address>0xe390</load_address>
         <readonly>true</readonly>
         <executable>true</executable>
         <run_address>0xe390</run_address>
         <size>0x10</size>
         <alignment>0x2</alignment>
         <input_file_ref idref="fl-4"/>
      </object_component>
      <object_component id="oc-1e8">
         <name>.text.Delay</name>
         <load_address>0xe3a0</load_address>
         <readonly>true</readonly>
         <executable>true</executable>
         <run_address>0xe3a0</run_address>
         <size>0x10</size>
         <alignment>0x2</alignment>
         <input_file_ref idref="fl-b"/>
      </object_component>
      <object_component id="oc-83">
         <name>.text.JoyStick_InButton</name>
         <load_address>0xe3b0</load_address>
         <readonly>true</readonly>
         <executable>true</executable>
         <run_address>0xe3b0</run_address>
         <size>0x10</size>
         <alignment>0x4</alignment>
         <input_file_ref idref="fl-8"/>
      </object_component>
      <object_component id="oc-5e">
         <name>.text:decompress:ZI</name>
         <load_address>0xe3c0</load_address>
         <readonly>true</readonly>
         <executable>true</executable>
         <run_address>0xe3c0</run_address>
         <size>0x10</size>
         <alignment>0x2</alignment>
         <input_file_ref idref="fl-45"/>
      </object_component>
      <object_component id="oc-279">
         <name>.text.OUTLINED_FUNCTION_0</name>
         <load_address>0xe3d0</load_address>
         <readonly>true</readonly>
         <executable>true</executable>
         <run_address>0xe3d0</run_address>
         <size>0xe</size>
         <alignment>0x2</alignment>
         <input_file_ref idref="fl-3f"/>
      </object_component>
      <object_component id="oc-189">
         <name>.text.ST7735_lseek</name>
         <load_address>0xe3de</load_address>
         <readonly>true</readonly>
         <executable>true</executable>
         <run_address>0xe3de</run_address>
         <size>0xe</size>
         <alignment>0x2</alignment>
         <input_file_ref idref="fl-d"/>
      </object_component>
      <object_component id="oc-284">
         <name>.text.__aeabi_memset</name>
         <load_address>0xe3ec</load_address>
         <readonly>true</readonly>
         <executable>true</executable>
         <run_address>0xe3ec</run_address>
         <size>0xe</size>
         <alignment>0x4</alignment>
         <input_file_ref idref="fl-113"/>
      </object_component>
      <object_component id="oc-2d7">
         <name>.text.strcpy</name>
         <load_address>0xe3fa</load_address>
         <readonly>true</readonly>
         <executable>true</executable>
         <run_address>0xe3fa</run_address>
         <size>0xe</size>
         <alignment>0x2</alignment>
         <input_file_ref idref="fl-102"/>
      </object_component>
      <object_component id="oc-283">
         <name>.text.strlen</name>
         <load_address>0xe408</load_address>
         <readonly>true</readonly>
         <executable>true</executable>
         <run_address>0xe408</run_address>
         <size>0xe</size>
         <alignment>0x2</alignment>
         <input_file_ref idref="fl-48"/>
      </object_component>
      <object_component id="oc-2d8">
         <name>.text.strlen</name>
         <load_address>0xe416</load_address>
         <readonly>true</readonly>
         <executable>true</executable>
         <run_address>0xe416</run_address>
         <size>0xe</size>
         <alignment>0x2</alignment>
         <input_file_ref idref="fl-102"/>
      </object_component>
      <object_component id="oc-169">
         <name>.text:TI_memset_small</name>
         <load_address>0xe424</load_address>
         <readonly>true</readonly>
         <executable>true</executable>
         <run_address>0xe424</run_address>
         <size>0xe</size>
         <alignment>0x1</alignment>
         <input_file_ref idref="fl-11d"/>
      </object_component>
      <object_component id="oc-187">
         <name>.text.ST7735_rename</name>
         <load_address>0xe432</load_address>
         <readonly>true</readonly>
         <executable>true</executable>
         <run_address>0xe432</run_address>
         <size>0xc</size>
         <alignment>0x2</alignment>
         <input_file_ref idref="fl-d"/>
      </object_component>
      <object_component id="oc-95">
         <name>.text.__aeabi_memclr</name>
         <load_address>0xe440</load_address>
         <readonly>true</readonly>
         <executable>true</executable>
         <run_address>0xe440</run_address>
         <size>0xc</size>
         <alignment>0x4</alignment>
         <input_file_ref idref="fl-113"/>
      </object_component>
      <object_component id="oc-20b">
         <name>.text.malloc</name>
         <load_address>0xe44c</load_address>
         <readonly>true</readonly>
         <executable>true</executable>
         <run_address>0xe44c</run_address>
         <size>0xc</size>
         <alignment>0x2</alignment>
         <input_file_ref idref="fl-3f"/>
      </object_component>
      <object_component id="oc-be">
         <name>.text.PLL_Init</name>
         <load_address>0xe458</load_address>
         <readonly>true</readonly>
         <executable>true</executable>
         <run_address>0xe458</run_address>
         <size>0xa</size>
         <alignment>0x2</alignment>
         <input_file_ref idref="fl-a"/>
      </object_component>
      <object_component id="oc-18e">
         <name>.text.ST7735_close</name>
         <load_address>0xe462</load_address>
         <readonly>true</readonly>
         <executable>true</executable>
         <run_address>0xe462</run_address>
         <size>0xa</size>
         <alignment>0x2</alignment>
         <input_file_ref idref="fl-d"/>
      </object_component>
      <object_component id="oc-188">
         <name>.text.ST7735_unlink</name>
         <load_address>0xe46c</load_address>
         <readonly>true</readonly>
         <executable>true</executable>
         <run_address>0xe46c</run_address>
         <size>0xa</size>
         <alignment>0x2</alignment>
         <input_file_ref idref="fl-d"/>
      </object_component>
      <object_component id="oc-1bf">
         <name>.text._outc</name>
         <load_address>0xe476</load_address>
         <readonly>true</readonly>
         <executable>true</executable>
         <run_address>0xe476</run_address>
         <size>0xa</size>
         <alignment>0x2</alignment>
         <input_file_ref idref="fl-37"/>
      </object_component>
      <object_component id="oc-51">
         <name>.text.__aeabi_memcpy</name>
         <load_address>0xe480</load_address>
         <readonly>true</readonly>
         <executable>true</executable>
         <run_address>0xe480</run_address>
         <size>0x8</size>
         <alignment>0x4</alignment>
         <input_file_ref idref="fl-112"/>
      </object_component>
      <object_component id="oc-271">
         <name>.text.remove</name>
         <load_address>0xe488</load_address>
         <readonly>true</readonly>
         <executable>true</executable>
         <run_address>0xe488</run_address>
         <size>0x8</size>
         <alignment>0x2</alignment>
         <input_file_ref idref="fl-f8"/>
      </object_component>
      <object_component id="oc-14f">
         <name>.text:abort</name>
         <load_address>0xe490</load_address>
         <readonly>true</readonly>
         <executable>true</executable>
         <run_address>0xe490</run_address>
         <size>0x6</size>
         <alignment>0x2</alignment>
         <input_file_ref idref="fl-3b"/>
      </object_component>
      <object_component id="oc-1d4">
         <name>.text.HOSTexit</name>
         <load_address>0xe496</load_address>
         <readonly>true</readonly>
         <executable>true</executable>
         <run_address>0xe496</run_address>
         <size>0x4</size>
         <alignment>0x2</alignment>
         <input_file_ref idref="fl-f5"/>
      </object_component>
      <object_component id="oc-31">
         <name>.text.Reset_Handler</name>
         <load_address>0xe49a</load_address>
         <readonly>true</readonly>
         <executable>true</executable>
         <run_address>0xe49a</run_address>
         <size>0x4</size>
         <alignment>0x2</alignment>
         <input_file_ref idref="fl-14"/>
      </object_component>
      <object_component id="oc-9a">
         <name>.text._system_pre_init</name>
         <load_address>0xe49e</load_address>
         <readonly>true</readonly>
         <executable>true</executable>
         <run_address>0xe49e</run_address>
         <size>0x4</size>
         <alignment>0x2</alignment>
         <input_file_ref idref="fl-43"/>
      </object_component>
      <object_component id="oc-38f">
         <name>.cinit..data.load</name>
         <load_address>0xe4b0</load_address>
         <readonly>true</readonly>
         <run_address>0xe4b0</run_address>
         <size>0xe2</size>
         <alignment>0x1</alignment>
      </object_component>
      <object_component id="oc-38d">
         <name>__TI_handler_table</name>
         <load_address>0xe594</load_address>
         <readonly>true</readonly>
         <run_address>0xe594</run_address>
         <size>0xc</size>
         <alignment>0x4</alignment>
      </object_component>
      <object_component id="oc-390">
         <name>.cinit..bss.load</name>
         <load_address>0xe5a0</load_address>
         <readonly>true</readonly>
         <run_address>0xe5a0</run_address>
         <size>0x8</size>
         <alignment>0x4</alignment>
      </object_component>
      <object_component id="oc-38e">
         <name>__TI_cinit_table</name>
         <load_address>0xe5a8</load_address>
         <readonly>true</readonly>
         <run_address>0xe5a8</run_address>
         <size>0x10</size>
         <alignment>0x4</alignment>
      </object_component>
      <object_component id="oc-12c">
         <name>.rodata.plasma</name>
         <load_address>0xc0</load_address>
         <readonly>true</readonly>
         <run_address>0xc0</run_address>
         <size>0x2000</size>
         <alignment>0x2</alignment>
         <input_file_ref idref="fl-a"/>
      </object_component>
      <object_component id="oc-12b">
         <name>.rodata.plasmashot</name>
         <load_address>0x20c0</load_address>
         <readonly>true</readonly>
         <run_address>0x20c0</run_address>
         <size>0x2000</size>
         <alignment>0x2</alignment>
         <input_file_ref idref="fl-a"/>
      </object_component>
      <object_component id="oc-ea">
         <name>.rodata.Demon</name>
         <load_address>0x40c0</load_address>
         <readonly>true</readonly>
         <run_address>0x40c0</run_address>
         <size>0x1520</size>
         <alignment>0x2</alignment>
         <input_file_ref idref="fl-a"/>
      </object_component>
      <object_component id="oc-1a5">
         <name>.rodata.shoot</name>
         <load_address>0x55e0</load_address>
         <readonly>true</readonly>
         <run_address>0x55e0</run_address>
         <size>0xff0</size>
         <alignment>0x1</alignment>
         <input_file_ref idref="fl-f"/>
      </object_component>
[...]
      </symbol>
      <symbol id="sm-234">
         <name>Sound_shoot</name>
         <value>0xe345</value>
         <object_component_ref idref="oc-de"/>
      </symbol>
      <symbol id="sm-235">
         <name>shoot</name>
         <value>0x55e0</value>
         <object_component_ref idref="oc-1a5"/>
      </symbol>
      <symbol id="sm-242">
         <name>Switch_Init</name>
         <value>0xe06d</value>
         <object_component_ref idref="oc-cb"/>
      </symbol>
      <symbol id="sm-243">
         <name>Switch_In</name>
         <value>0xe275</value>
         <object_component_ref idref="oc-7e"/>
      </symbol>
      <symbol id="sm-24d">
         <name>TimerG12_IntArm</name>
         <value>0xcf09</value>
         <object_component_ref idref="oc-d3"/>
      </symbol>
      <symbol id="sm-260">
         <name>disk_timerproc</name>
         <value>0xd491</value>
         <object_component_ref idref="oc-76"/>
      </symbol>
      <symbol id="sm-261">
         <name>TIMG6_IRQHandler</name>
         <value>0xe2ad</value>
         <object_component_ref idref="oc-3c"/>
      </symbol>
      <symbol id="sm-273">
         <name>Default_Handler</name>
         <value>0xe23d</value>
         <object_component_ref idref="oc-35"/>
      </symbol>
      <symbol id="sm-274">
         <name>Reset_Handler</name>
         <value>0xe49b</value>
         <object_component_ref idref="oc-31"/>
      </symbol>
      <symbol id="sm-275">
         <name>HardFault_Handler</name>
         <value>0xe259</value>
         <object_component_ref idref="oc-36"/>
      </symbol>
      <symbol id="sm-276">
         <name>interruptVectors</name>
         <value>0x0</value>
         <object_component_ref idref="oc-18"/>
      </symbol>
      <symbol id="sm-277">
         <name>NMI_Handler</name>
         <value>0xe23d</value>
         <object_component_ref idref="oc-35"/>
      </symbol>
      <symbol id="sm-278">
         <name>SVC_Handler</name>
         <value>0xe23d</value>
         <object_component_ref idref="oc-35"/>
      </symbol>
      <symbol id="sm-279">
         <name>PendSV_Handler</name>
         <value>0xe23d</value>
         <object_component_ref idref="oc-35"/>
      </symbol>
      <symbol id="sm-27a">
         <name>GROUP0_IRQHandler</name>
         <value>0xe23d</value>
         <object_component_ref idref="oc-35"/>
      </symbol>
      <symbol id="sm-27b">
         <name>GROUP1_IRQHandler</name>
         <value>0xe23d</value>
         <object_component_ref idref="oc-35"/>
      </symbol>
      <symbol id="sm-27c">
         <name>TIMG8_IRQHandler</name>
         <value>0xe23d</value>
         <object_component_ref idref="oc-35"/>
      </symbol>
      <symbol id="sm-27d">
         <name>UART3_IRQHandler</name>
         <value>0xe23d</value>
         <object_component_ref idref="oc-35"/>
      </symbol>
      <symbol id="sm-27e">
         <name>ADC0_IRQHandler</name>
         <value>0xe23d</value>
         <object_component_ref idref="oc-35"/>
      </symbol>
      <symbol id="sm-27f">
         <name>ADC1_IRQHandler</name>
         <value>0xe23d</value>
         <object_component_ref idref="oc-35"/>
      </symbol>
      <symbol id="sm-280">
         <name>CANFD0_IRQHandler</name>
         <value>0xe23d</value>
         <object_component_ref idref="oc-35"/>
      </symbol>
      <symbol id="sm-281">
         <name>DAC0_IRQHandler</name>
         <value>0xe23d</value>
         <object_component_ref idref="oc-35"/>
      </symbol>
      <symbol id="sm-282">
         <name>SPI0_IRQHandler</name>
         <value>0xe23d</value>
         <object_component_ref idref="oc-35"/>
      </symbol>
      <symbol id="sm-283">
         <name>SPI1_IRQHandler</name>
         <value>0xe23d</value>
         <object_component_ref idref="oc-35"/>
      </symbol>
      <symbol id="sm-284">
         <name>UART1_IRQHandler</name>
         <value>0xe23d</value>
         <object_component_ref idref="oc-35"/>
      </symbol>
      <symbol id="sm-285">
         <name>UART2_IRQHandler</name>
         <value>0xe23d</value>
         <object_component_ref idref="oc-35"/>
      </symbol>
      <symbol id="sm-286">
         <name>UART0_IRQHandler</name>
         <value>0xe23d</value>
         <object_component_ref idref="oc-35"/>
      </symbol>
      <symbol id="sm-287">
         <name>TIMG0_IRQHandler</name>
         <value>0xe23d</value>
         <object_component_ref idref="oc-35"/>
      </symbol>
      <symbol id="sm-288">
         <name>TIMA0_IRQHandler</name>
         <value>0xe23d</value>
         <object_component_ref idref="oc-35"/>
      </symbol>
      <symbol id="sm-289">
         <name>TIMA1_IRQHandler</name>
         <value>0xe23d</value>
         <object_component_ref idref="oc-35"/>
      </symbol>
      <symbol id="sm-28a">
         <name>TIMG7_IRQHandler</name>
         <value>0xe23d</value>
         <object_component_ref idref="oc-35"/>
      </symbol>
      <symbol id="sm-28b">
         <name>I2C0_IRQHandler</name>
         <value>0xe23d</value>
         <object_component_ref idref="oc-35"/>
      </symbol>
      <symbol id="sm-28c">
         <name>I2C1_IRQHandler</name>
         <value>0xe23d</value>
         <object_component_ref idref="oc-35"/>
      </symbol>
      <symbol id="sm-28d">
         <name>AES_IRQHandler</name>
         <value>0xe23d</value>
         <object_component_ref idref="oc-35"/>
      </symbol>
      <symbol id="sm-28e">
         <name>RTC_IRQHandler</name>
         <value>0xe23d</value>
         <object_component_ref idref="oc-35"/>
      </symbol>
      <symbol id="sm-28f">
         <name>DMA_IRQHandler</name>
         <value>0xe23d</value>
         <object_component_ref idref="oc-35"/>
      </symbol>
      <symbol id="sm-290">
         <name>__TI_ATRegion0_src_addr</name>
         <value>0x0</value>
      </symbol>
      <symbol id="sm-291">
         <name>__TI_ATRegion0_trg_addr</name>
         <value>0x0</value>
      </symbol>
      <symbol id="sm-292">
         <name>__TI_ATRegion0_region_sz</name>
         <value>0x0</value>
      </symbol>
      <symbol id="sm-293">
         <name>__TI_ATRegion1_src_addr</name>
         <value>0x0</value>
      </symbol>
      <symbol id="sm-294">
         <name>__TI_ATRegion1_trg_addr</name>
         <value>0x0</value>
      </symbol>
      <symbol id="sm-295">
         <name>__TI_ATRegion1_region_sz</name>
         <value>0x0</value>
      </symbol>
      <symbol id="sm-296">
         <name>__TI_ATRegion2_src_addr</name>
         <value>0x0</value>
      </symbol>
      <symbol id="sm-297">
         <name>__TI_ATRegion2_trg_addr</name>
         <value>0x0</value>
      </symbol>
      <symbol id="sm-298">
         <name>__TI_ATRegion2_region_sz</name>
         <value>0x0</value>
      </symbol>
      <symbol id="sm-2a9">
         <name>sprintf</name>
         <value>0xdd21</value>
         <object_component_ref idref="oc-115"/>
      </symbol>
      <symbol id="sm-2c2">
         <name>fopen</name>
         <value>0xdf91</value>
         <object_component_ref idref="oc-17c"/>
      </symbol>
      <symbol id="sm-2c3">
         <name>__TI_cleanup</name>
         <value>0xde29</value>
         <object_component_ref idref="oc-20c"/>
      </symbol>
      <symbol id="sm-2c4">
         <name>freopen</name>
         <value>0xdf2d</value>
         <object_component_ref idref="oc-182"/>
      </symbol>
      <symbol id="sm-2ce">
         <name>setvbuf</name>
         <value>0xc73d</value>
         <object_component_ref idref="oc-183"/>
      </symbol>
      <symbol id="sm-2dd">
         <name>abort</name>
         <value>0xe491</value>
         <object_component_ref idref="oc-14f"/>
      </symbol>
      <symbol id="sm-2de">
         <name>__TI_cleanup_ptr</name>
         <value>0x20205724</value>
         <object_component_ref idref="oc-1dc"/>
      </symbol>
      <symbol id="sm-2df">
         <name>__TI_dtors_ptr</name>
         <value>0x20205728</value>
         <object_component_ref idref="oc-1dc"/>
      </symbol>
      <symbol id="sm-2e0">
         <name>exit</name>
         <value>0xdec5</value>
         <object_component_ref idref="oc-154"/>
      </symbol>
      <symbol id="sm-2e9">
         <name>_nop</name>
         <value>0xd963</value>
         <object_component_ref idref="oc-230"/>
      </symbol>
      <symbol id="sm-2ea">
         <name>_lock</name>
         <value>0x20205740</value>
         <object_component_ref idref="oc-1da"/>
      </symbol>
      <symbol id="sm-2eb">
         <name>_unlock</name>
         <value>0x20205744</value>
         <object_component_ref idref="oc-1dd"/>
      </symbol>
      <symbol id="sm-2f1">
         <name>_ftable</name>
         <value>0x202054e4</value>
         <object_component_ref idref="oc-190"/>
      </symbol>
      <symbol id="sm-2f2">
         <name>__TI_ft_end</name>
         <value>0x2020573c</value>
         <object_component_ref idref="oc-262"/>
      </symbol>
      <symbol id="sm-2f3">
         <name>__TI_tmpnams</name>
         <value>0x202053e0</value>
         <object_component_ref idref="oc-275"/>
      </symbol>
      <symbol id="sm-316">
         <name>malloc</name>
         <value>0xe44d</value>
         <object_component_ref idref="oc-20b"/>
      </symbol>
      <symbol id="sm-317">
         <name>aligned_alloc</name>
         <value>0xc35d</value>
         <object_component_ref idref="oc-27b"/>
      </symbol>
      <symbol id="sm-318">
         <name>free</name>
         <value>0xc655</value>
         <object_component_ref idref="oc-209"/>
      </symbol>
      <symbol id="sm-319">
         <name>_sys_memory</name>
         <value>0x202057c8</value>
         <object_component_ref idref="oc-2f"/>
      </symbol>
      <symbol id="sm-31a">
         <name>memalign</name>
         <value>0xc35d</value>
         <object_component_ref idref="oc-27b"/>
      </symbol>
      <symbol id="sm-325">
         <name>_c_int00_noargs</name>
         <value>0xe0e5</value>
         <object_component_ref idref="oc-61"/>
      </symbol>
      <symbol id="sm-326">
         <name>__stack</name>
         <value>0x20207e00</value>
         <object_component_ref idref="oc-1a"/>
      </symbol>
      <symbol id="sm-332">
         <name>__TI_auto_init_nobinit_nopinit</name>
         <value>0xdc39</value>
         <object_component_ref idref="oc-156"/>
      </symbol>
      <symbol id="sm-33a">
         <name>_system_pre_init</name>
         <value>0xe49f</value>
         <object_component_ref idref="oc-9a"/>
      </symbol>
      <symbol id="sm-345">
         <name>__TI_zero_init</name>
         <value>0xe3c1</value>
         <object_component_ref idref="oc-5e"/>
      </symbol>
      <symbol id="sm-34e">
         <name>__TI_decompress_none</name>
         <value>0xe37f</value>
         <object_component_ref idref="oc-20"/>
      </symbol>
      <symbol id="sm-359">
         <name>__TI_decompress_lzss</name>
         <value>0xd2b9</value>
         <object_component_ref idref="oc-1c"/>
      </symbol>
      <symbol id="sm-36f">
         <name>__TI_printfi_minimal</name>
         <value>0xaf55</value>
         <object_component_ref idref="oc-222"/>
      </symbol>
      <symbol id="sm-37a">
         <name>__TI_closefile</name>
         <value>0xd23d</value>
         <object_component_ref idref="oc-203"/>
      </symbol>
      <symbol id="sm-384">
         <name>__TI_doflush</name>
         <value>0xd877</value>
         <object_component_ref idref="oc-267"/>
      </symbol>
      <symbol id="sm-392">
         <name>memccpy</name>
         <value>0xe1a1</value>
         <object_component_ref idref="oc-285"/>
      </symbol>
      <symbol id="sm-39e">
         <name>HOSTexit</name>
         <value>0xe497</value>
         <object_component_ref idref="oc-1d4"/>
      </symbol>
      <symbol id="sm-39f">
         <name>C$$EXIT</name>
         <value>0xe496</value>
         <object_component_ref idref="oc-1d4"/>
      </symbol>
      <symbol id="sm-3a9">
         <name>write</name>
         <value>0xe0bd</value>
         <object_component_ref idref="oc-2e1"/>
      </symbol>
      <symbol id="sm-3ae">
         <name>_device</name>
         <value>0x202055d4</value>
         <object_component_ref idref="oc-1fa"/>
      </symbol>
      <symbol id="sm-3af">
         <name>_stream</name>
         <value>0x202056a0</value>
         <object_component_ref idref="oc-2dd"/>
      </symbol>
      <symbol id="sm-3b8">
         <name>remove</name>
         <value>0xe489</value>
         <object_component_ref idref="oc-271"/>
      </symbol>
      <symbol id="sm-3c4">
         <name>open</name>
         <value>0xcd35</value>
         <object_component_ref idref="oc-263"/>
      </symbol>
      <symbol id="sm-3cf">
         <name>close</name>
         <value>0xd8c9</value>
         <object_component_ref idref="oc-26d"/>
      </symbol>
      <symbol id="sm-3db">
         <name>add_device</name>
         <value>0xc569</value>
         <object_component_ref idref="oc-178"/>
      </symbol>
      <symbol id="sm-3e5">
         <name>unlink</name>
         <value>0xe019</value>
         <object_component_ref idref="oc-2ea"/>
      </symbol>
      <symbol id="sm-3ef">
         <name>HOSTclose</name>
         <value>0xd965</value>
         <object_component_ref idref="oc-245"/>
      </symbol>
      <symbol id="sm-3f9">
         <name>HOSTlseek</name>
         <value>0xd501</value>
         <object_component_ref idref="oc-251"/>
      </symbol>
      <symbol id="sm-403">
         <name>HOSTopen</name>
         <value>0xd711</value>
         <object_component_ref idref="oc-241"/>
      </symbol>
      <symbol id="sm-404">
         <name>parmbuf</name>
         <value>0x202054a4</value>
         <object_component_ref idref="oc-2c4"/>
      </symbol>
      <symbol id="sm-40e">
         <name>HOSTread</name>
         <value>0xd771</value>
         <object_component_ref idref="oc-249"/>
      </symbol>
      <symbol id="sm-41f">
         <name>HOSTrename</name>
         <value>0xd56d</value>
         <object_component_ref idref="oc-259"/>
      </symbol>
      <symbol id="sm-429">
         <name>HOSTunlink</name>
         <value>0xd9ad</value>
         <object_component_ref idref="oc-255"/>
      </symbol>
      <symbol id="sm-433">
         <name>HOSTwrite</name>
         <value>0xd7c9</value>
         <object_component_ref idref="oc-24d"/>
      </symbol>
      <symbol id="sm-441">
         <name>C$$IO$$</name>
         <value>0xdebd</value>
         <object_component_ref idref="oc-2bd"/>
      </symbol>
      <symbol id="sm-442">
         <name>__TI_writemsg</name>
         <value>0xde91</value>
         <object_component_ref idref="oc-2bd"/>
      </symbol>
      <symbol id="sm-443">
         <name>__CIOBUF_</name>
         <value>0x20205200</value>
         <object_component_ref idref="oc-333"/>
      </symbol>
      <symbol id="sm-444">
         <name>__TI_readmsg</name>
         <value>0xde5d</value>
         <object_component_ref idref="oc-2c3"/>
      </symbol>
      <symbol id="sm-445">
         <name>_CIOBUF_</name>
         <value>0x20205200</value>
         <object_component_ref idref="oc-333"/>
      </symbol>
      <symbol id="sm-44b">
         <name>__muldsi3</name>
         <value>0xdc75</value>
         <object_component_ref idref="oc-1b3"/>
      </symbol>
      <symbol id="sm-451">
         <name>__aeabi_lmul</name>
         <value>0xe17d</value>
         <object_component_ref idref="oc-103"/>
      </symbol>
      <symbol id="sm-452">
         <name>__muldi3</name>
         <value>0xe17d</value>
         <object_component_ref idref="oc-103"/>
      </symbol>
      <symbol id="sm-458">
         <name>__aeabi_idiv</name>
         <value>0xd821</value>
         <object_component_ref idref="oc-130"/>
      </symbol>
      <symbol id="sm-459">
         <name>__aeabi_idivmod</name>
         <value>0xd821</value>
         <object_component_ref idref="oc-130"/>
      </symbol>
      <symbol id="sm-45f">
         <name>__aeabi_ldivmod</name>
         <value>0xe359</value>
         <object_component_ref idref="oc-10a"/>
      </symbol>
      <symbol id="sm-465">
         <name>__aeabi_memcpy</name>
         <value>0xe481</value>
         <object_component_ref idref="oc-51"/>
      </symbol>
      <symbol id="sm-466">
         <name>__aeabi_memcpy4</name>
         <value>0xe481</value>
         <object_component_ref idref="oc-51"/>
      </symbol>
      <symbol id="sm-467">
         <name>__aeabi_memcpy8</name>
         <value>0xe481</value>
         <object_component_ref idref="oc-51"/>
      </symbol>
      <symbol id="sm-470">
         <name>__aeabi_memset</name>
         <value>0xe3ed</value>
         <object_component_ref idref="oc-284"/>
      </symbol>
      <symbol id="sm-471">
         <name>__aeabi_memset4</name>
         <value>0xe3ed</value>
         <object_component_ref idref="oc-284"/>
      </symbol>
      <symbol id="sm-472">
         <name>__aeabi_memset8</name>
         <value>0xe3ed</value>
         <object_component_ref idref="oc-284"/>
      </symbol>
      <symbol id="sm-473">
         <name>__aeabi_memclr</name>
         <value>0xe441</value>
         <object_component_ref idref="oc-95"/>
      </symbol>
      <symbol id="sm-474">
         <name>__aeabi_memclr4</name>
         <value>0xe441</value>
         <object_component_ref idref="oc-95"/>
      </symbol>
      <symbol id="sm-475">
         <name>__aeabi_memclr8</name>
         <value>0xe441</value>
         <object_component_ref idref="oc-95"/>
      </symbol>
      <symbol id="sm-47b">
         <name>__aeabi_uidiv</name>
         <value>0xdb01</value>
         <object_component_ref idref="oc-e1"/>
      </symbol>
      <symbol id="sm-47c">
         <name>__aeabi_uidivmod</name>
         <value>0xdb01</value>
         <object_component_ref idref="oc-e1"/>
      </symbol>
      <symbol id="sm-482">
         <name>__udivmoddi4</name>
         <value>0xcc91</value>
         <object_component_ref idref="oc-21b"/>
      </symbol>
      <symbol id="sm-488">
         <name>__aeabi_llsl</name>
         <value>0xe1e5</value>
         <object_component_ref idref="oc-27e"/>
      </symbol>
      <symbol id="sm-489">
         <name>__ashldi3</name>
         <value>0xe1e5</value>
         <object_component_ref idref="oc-27e"/>
      </symbol>
      <symbol id="sm-493">
         <name>__divmoddi4</name>
         <value>0xdb81</value>
         <object_component_ref idref="oc-1b8"/>
      </symbol>
      <symbol id="sm-49f">
         <name>__aeabi_idiv0</name>
         <value>0xcc8f</value>
         <object_component_ref idref="oc-1a9"/>
      </symbol>
      <symbol id="sm-4a0">
         <name>__aeabi_ldiv0</name>
         <value>0xcd33</value>
         <object_component_ref idref="oc-27d"/>
      </symbol>
      <symbol id="sm-4ae">
         <name>finddevice</name>
         <value>0xdef9</value>
         <object_component_ref idref="oc-1f3"/>
      </symbol>
      <symbol id="sm-4af">
         <name>getdevice</name>
         <value>0xd5d9</value>
         <object_component_ref idref="oc-2db"/>
      </symbol>
      <symbol id="sm-4b8">
         <name>TI_memcpy_small</name>
         <value>0xe36d</value>
         <object_component_ref idref="oc-b4"/>
      </symbol>
      <symbol id="sm-4c1">
         <name>TI_memset_small</name>
         <value>0xe425</value>
         <object_component_ref idref="oc-169"/>
      </symbol>
      <symbol id="sm-4c9">
         <name>strcmp</name>
         <value>0xd031</value>
         <object_component_ref idref="oc-23b"/>
      </symbol>
      <symbol id="sm-4ca">
         <name>__TI_static_base__</name>
         <value>0x0</value>
      </symbol>
      <symbol id="sm-4cd">
         <name>__mpu_init</name>
         <value>0x0</value>
      </symbol>
      <symbol id="sm-4ce">
         <name>_system_post_cinit</name>
         <value>0x0</value>
      </symbol>
   </symbol_table>
   <title>Link successful</title>
</link_info>
